<html>
<body>
<pre>
<h1>µVision Build Log</h1>
<h2>Tool Versions:</h2>
IDE-Version: ¦ÌVision V5.14.0.0
Copyright (C) 2015 ARM Ltd and ARM Germany GmbH. All rights reserved.
License Information: w w, w, LIC=CRMHL-09M9Y-C0CN2-97F30-RU7XJ-7L46W
 
Tool Versions:
Toolchain:       MDK-ARM Professional  Version: 5.14.0.0
Toolchain Path:  C:\Keil_v5\ARM\ARMCC\Bin
C Compiler:      Armcc.exe V5.05 update 1 (build 106)
Assembler:       Armasm.exe V5.05 update 1 (build 106)
Linker/Locator:  ArmLink.exe V5.05 update 1 (build 106)
Library Manager: ArmAr.exe V5.05 update 1 (build 106)
Hex Converter:   FromElf.exe V5.05 update 1 (build 106)
CPU DLL:         SARMCM3.DLL V5.14.0.0
Dialog DLL:      DARMSTM.DLL V1.65.0.0
Target DLL:      Segger\JL2CM3.dll V2.99.13.0
Dialog DLL:      TARMSTM.DLL V1.64.0.0
 
<h2>Project:</h2>
G:\MDK workspace\STM32-IAP-Demo\2.FreeRTOS_IAP\RVMDK\FreeRTOS-IAP.uvproj
Project File Date:  12/21/2018

<h2>Output:</h2>
Rebuild Project 'FreeRTOS-IAP' - Target 'FreeRTOS-IAP'
compiling main.c...
compiling stm32f10x_it.c...
compiling misc.c...
compiling stm32f10x_adc.c...
compiling stm32f10x_bkp.c...
compiling stm32f10x_can.c...
compiling stm32f10x_cec.c...
compiling stm32f10x_crc.c...
compiling stm32f10x_dac.c...
compiling stm32f10x_dbgmcu.c...
compiling stm32f10x_dma.c...
compiling stm32f10x_exti.c...
compiling stm32f10x_flash.c...
compiling stm32f10x_fsmc.c...
compiling stm32f10x_gpio.c...
compiling stm32f10x_i2c.c...
compiling stm32f10x_iwdg.c...
compiling stm32f10x_pwr.c...
compiling stm32f10x_rcc.c...
compiling stm32f10x_rtc.c...
compiling stm32f10x_sdio.c...
compiling stm32f10x_spi.c...
compiling stm32f10x_tim.c...
compiling stm32f10x_usart.c...
compiling stm32f10x_wwdg.c...
assembling startup_stm32f10x_hd.s...
compiling system_stm32f10x.c...
compiling core_cm3.c...
compiling delay.c...
compiling sys.c...
compiling usart.c...
compiling heap_4.c...
compiling port.c...
compiling croutine.c...
compiling event_groups.c...
compiling list.c...
compiling queue.c...
compiling tasks.c...
compiling timers.c...
compiling exti.c...
compiling key.c...
compiling lcd.c...
compiling led.c...
compiling timer.c...
compiling command.c...
compiling app.c...
linking...
Program Size: Code=22512 RO-data=1144 RW-data=296 ZI-data=23984  
FromELF: creating hex file...
After Build - User command #1: fromelf.exe --bin -o "G:\MDK workspace\STM32-IAP-Demo\2.FreeRTOS_IAP\RVMDK\Output\FreeRTOS-IAP.bin" "G:\MDK workspace\STM32-IAP-Demo\2.FreeRTOS_IAP\RVMDK\Output\FreeRTOS-IAP.axf"
".\Output\FreeRTOS-IAP.axf" - 0 Error(s), 0 Warning(s).
</pre>
</body>
</html>
