Component: ARM Compiler 5.05 update 1 (build 106) Tool: armlink [4d0efa]

==============================================================================

Section Cross References

    main.o(i.main) refers to misc.o(i.NVIC_PriorityGroupConfig) for NVIC_PriorityGroupConfig
    main.o(i.main) refers to misc.o(i.NVIC_SetVectorTable) for NVIC_SetVectorTable
    main.o(i.main) refers to led.o(i.led_configuration) for led_configuration
    main.o(i.main) refers to delay.o(i.delay_configuration) for delay_configuration
    main.o(i.main) refers to command.o(i.command_init) for command_init
    main.o(i.main) refers to key.o(i.key_configuration) for key_configuration
    main.o(i.main) refers to exti.o(i.exti_configuration) for exti_configuration
    main.o(i.main) refers to usart.o(i.uart1_printf) for uart1_printf
    main.o(i.main) refers to tasks.o(i.xTaskCreate) for xTaskCreate
    main.o(i.main) refers to tasks.o(i.vTaskStartScheduler) for vTaskStartScheduler
    main.o(i.main) refers to app.o(.data) for StartTask_Handler
    main.o(i.main) refers to app.o(i.start_task) for start_task
    stm32f10x_adc.o(i.ADC_DeInit) refers to stm32f10x_rcc.o(i.RCC_APB2PeriphResetCmd) for RCC_APB2PeriphResetCmd
    stm32f10x_bkp.o(i.BKP_DeInit) refers to stm32f10x_rcc.o(i.RCC_BackupResetCmd) for RCC_BackupResetCmd
    stm32f10x_can.o(i.CAN_DeInit) refers to stm32f10x_rcc.o(i.RCC_APB1PeriphResetCmd) for RCC_APB1PeriphResetCmd
    stm32f10x_can.o(i.CAN_GetITStatus) refers to stm32f10x_can.o(i.CheckITStatus) for CheckITStatus
    stm32f10x_cec.o(i.CEC_DeInit) refers to stm32f10x_rcc.o(i.RCC_APB1PeriphResetCmd) for RCC_APB1PeriphResetCmd
    stm32f10x_dac.o(i.DAC_DeInit) refers to stm32f10x_rcc.o(i.RCC_APB1PeriphResetCmd) for RCC_APB1PeriphResetCmd
    stm32f10x_flash.o(i.FLASH_EnableWriteProtection) refers to stm32f10x_flash.o(i.FLASH_WaitForLastOperation) for FLASH_WaitForLastOperation
    stm32f10x_flash.o(i.FLASH_EraseAllBank1Pages) refers to stm32f10x_flash.o(i.FLASH_WaitForLastBank1Operation) for FLASH_WaitForLastBank1Operation
    stm32f10x_flash.o(i.FLASH_EraseAllPages) refers to stm32f10x_flash.o(i.FLASH_WaitForLastOperation) for FLASH_WaitForLastOperation
    stm32f10x_flash.o(i.FLASH_EraseOptionBytes) refers to stm32f10x_flash.o(i.FLASH_GetReadOutProtectionStatus) for FLASH_GetReadOutProtectionStatus
    stm32f10x_flash.o(i.FLASH_EraseOptionBytes) refers to stm32f10x_flash.o(i.FLASH_WaitForLastOperation) for FLASH_WaitForLastOperation
    stm32f10x_flash.o(i.FLASH_ErasePage) refers to stm32f10x_flash.o(i.FLASH_WaitForLastOperation) for FLASH_WaitForLastOperation
    stm32f10x_flash.o(i.FLASH_ProgramHalfWord) refers to stm32f10x_flash.o(i.FLASH_WaitForLastOperation) for FLASH_WaitForLastOperation
    stm32f10x_flash.o(i.FLASH_ProgramOptionByteData) refers to stm32f10x_flash.o(i.FLASH_WaitForLastOperation) for FLASH_WaitForLastOperation
    stm32f10x_flash.o(i.FLASH_ProgramWord) refers to stm32f10x_flash.o(i.FLASH_WaitForLastOperation) for FLASH_WaitForLastOperation
    stm32f10x_flash.o(i.FLASH_ReadOutProtection) refers to stm32f10x_flash.o(i.FLASH_WaitForLastOperation) for FLASH_WaitForLastOperation
    stm32f10x_flash.o(i.FLASH_UserOptionByteConfig) refers to stm32f10x_flash.o(i.FLASH_WaitForLastOperation) for FLASH_WaitForLastOperation
    stm32f10x_flash.o(i.FLASH_WaitForLastBank1Operation) refers to stm32f10x_flash.o(i.FLASH_GetBank1Status) for FLASH_GetBank1Status
    stm32f10x_flash.o(i.FLASH_WaitForLastOperation) refers to stm32f10x_flash.o(i.FLASH_GetBank1Status) for FLASH_GetBank1Status
    stm32f10x_gpio.o(i.GPIO_AFIODeInit) refers to stm32f10x_rcc.o(i.RCC_APB2PeriphResetCmd) for RCC_APB2PeriphResetCmd
    stm32f10x_gpio.o(i.GPIO_DeInit) refers to stm32f10x_rcc.o(i.RCC_APB2PeriphResetCmd) for RCC_APB2PeriphResetCmd
    stm32f10x_i2c.o(i.I2C_DeInit) refers to stm32f10x_rcc.o(i.RCC_APB1PeriphResetCmd) for RCC_APB1PeriphResetCmd
    stm32f10x_i2c.o(i.I2C_Init) refers to stm32f10x_rcc.o(i.RCC_GetClocksFreq) for RCC_GetClocksFreq
    stm32f10x_pwr.o(i.PWR_DeInit) refers to stm32f10x_rcc.o(i.RCC_APB1PeriphResetCmd) for RCC_APB1PeriphResetCmd
    stm32f10x_rcc.o(i.RCC_GetClocksFreq) refers to stm32f10x_rcc.o(.data) for APBAHBPrescTable
    stm32f10x_rcc.o(i.RCC_WaitForHSEStartUp) refers to stm32f10x_rcc.o(i.RCC_GetFlagStatus) for RCC_GetFlagStatus
    stm32f10x_rtc.o(i.RTC_SetAlarm) refers to stm32f10x_rtc.o(i.RTC_EnterConfigMode) for RTC_EnterConfigMode
    stm32f10x_rtc.o(i.RTC_SetAlarm) refers to stm32f10x_rtc.o(i.RTC_ExitConfigMode) for RTC_ExitConfigMode
    stm32f10x_rtc.o(i.RTC_SetCounter) refers to stm32f10x_rtc.o(i.RTC_EnterConfigMode) for RTC_EnterConfigMode
    stm32f10x_rtc.o(i.RTC_SetCounter) refers to stm32f10x_rtc.o(i.RTC_ExitConfigMode) for RTC_ExitConfigMode
    stm32f10x_rtc.o(i.RTC_SetPrescaler) refers to stm32f10x_rtc.o(i.RTC_EnterConfigMode) for RTC_EnterConfigMode
    stm32f10x_rtc.o(i.RTC_SetPrescaler) refers to stm32f10x_rtc.o(i.RTC_ExitConfigMode) for RTC_ExitConfigMode
[...]
    lc_hextab                                0x08008988   Data          20  _printf_hex_int_ll_ptr.o(.constdata)
    .constdata                               0x0800899c   Section      148  bigflt0.o(.constdata)
    tenpwrs_x                                0x0800899c   Data          60  bigflt0.o(.constdata)
    tenpwrs_i                                0x080089d8   Data          64  bigflt0.o(.constdata)
    .conststring                             0x08008a30   Section      233  command.o(.conststring)
    locale$$data                             0x08008b3c   Section      272  lc_ctype_c.o(locale$$data)
    __lcctype_c_name                         0x08008b40   Data           2  lc_ctype_c.o(locale$$data)
    __lcctype_c_start                        0x08008b48   Data           0  lc_ctype_c.o(locale$$data)
    locale$$data                             0x08008c4c   Section       28  lc_numeric_c.o(locale$$data)
    __lcctype_c_end                          0x08008c4c   Data           0  lc_ctype_c.o(locale$$data)
    __lcnum_c_name                           0x08008c50   Data           2  lc_numeric_c.o(locale$$data)
    __lcnum_c_start                          0x08008c58   Data           0  lc_numeric_c.o(locale$$data)
    __lcnum_c_point                          0x08008c64   Data           0  lc_numeric_c.o(locale$$data)
    __lcnum_c_thousands                      0x08008c66   Data           0  lc_numeric_c.o(locale$$data)
    __lcnum_c_grouping                       0x08008c67   Data           0  lc_numeric_c.o(locale$$data)
    __lcnum_c_end                            0x08008c68   Data           0  lc_numeric_c.o(locale$$data)
    .data                                    0x20000000   Section       20  stm32f10x_rcc.o(.data)
    APBAHBPrescTable                         0x20000000   Data          16  stm32f10x_rcc.o(.data)
    ADCPrescTable                            0x20000010   Data           4  stm32f10x_rcc.o(.data)
    .data                                    0x20000014   Section       20  system_stm32f10x.o(.data)
    .data                                    0x20000028   Section        4  delay.o(.data)
    fac_us                                   0x20000028   Data           1  delay.o(.data)
    fac_ms                                   0x2000002a   Data           2  delay.o(.data)
    .data                                    0x2000002c   Section       21  usart.o(.data)
    Res                                      0x20000040   Data           1  usart.o(.data)
    .data                                    0x20000044   Section       24  heap_4.o(.data)
    xStart                                   0x20000044   Data           8  heap_4.o(.data)
    pxEnd                                    0x2000004c   Data           4  heap_4.o(.data)
    xFreeBytesRemaining                      0x20000050   Data           4  heap_4.o(.data)
    xMinimumEverFreeBytesRemaining           0x20000054   Data           4  heap_4.o(.data)
    xBlockAllocatedBit                       0x20000058   Data           4  heap_4.o(.data)
    .data                                    0x2000005c   Section       12  port.o(.data)
    uxCriticalNesting                        0x2000005c   Data           4  port.o(.data)
    ucMaxSysCallPriority                     0x20000060   Data           1  port.o(.data)
    ulMaxPRIGROUPValue                       0x20000064   Data           4  port.o(.data)
    .data                                    0x20000068   Section       60  tasks.o(.data)
    pxDelayedTaskList                        0x2000006c   Data           4  tasks.o(.data)
    pxOverflowDelayedTaskList                0x20000070   Data           4  tasks.o(.data)
    uxDeletedTasksWaitingCleanUp             0x20000074   Data           4  tasks.o(.data)
    uxCurrentNumberOfTasks                   0x20000078   Data           4  tasks.o(.data)
    xTickCount                               0x2000007c   Data           4  tasks.o(.data)
    uxTopReadyPriority                       0x20000080   Data           4  tasks.o(.data)
    xSchedulerRunning                        0x20000084   Data           4  tasks.o(.data)
    uxPendedTicks                            0x20000088   Data           4  tasks.o(.data)
    xYieldPending                            0x2000008c   Data           4  tasks.o(.data)
    xNumOfOverflows                          0x20000090   Data           4  tasks.o(.data)
    uxTaskNumber                             0x20000094   Data           4  tasks.o(.data)
    xNextTaskUnblockTime                     0x20000098   Data           4  tasks.o(.data)
    xIdleTaskHandle                          0x2000009c   Data           4  tasks.o(.data)
    uxSchedulerSuspended                     0x200000a0   Data           4  tasks.o(.data)
    .data                                    0x200000a4   Section       20  timers.o(.data)
    pxCurrentTimerList                       0x200000a4   Data           4  timers.o(.data)
    pxOverflowTimerList                      0x200000a8   Data           4  timers.o(.data)
    xTimerQueue                              0x200000ac   Data           4  timers.o(.data)
    xTimerTaskHandle                         0x200000b0   Data           4  timers.o(.data)
    xLastTime                                0x200000b4   Data           4  timers.o(.data)
    .data                                    0x200000b8   Section       96  command.o(.data)
    .data                                    0x20000118   Section       16  app.o(.data)
    .bss                                     0x20000128   Section     1024  usart.o(.bss)
    .bss                                     0x20000528   Section    20480  heap_4.o(.bss)
    ucHeap                                   0x20000528   Data       20480  heap_4.o(.bss)
    .bss                                     0x20005528   Section       64  queue.o(.bss)
    .bss                                     0x20005568   Section      740  tasks.o(.bss)
    pxReadyTasksLists                        0x20005568   Data         640  tasks.o(.bss)
    xDelayedTaskList1                        0x200057e8   Data          20  tasks.o(.bss)
    xDelayedTaskList2                        0x200057fc   Data          20  tasks.o(.bss)
    xPendingReadyList                        0x20005810   Data          20  tasks.o(.bss)
    xTasksWaitingTermination                 0x20005824   Data          20  tasks.o(.bss)
    xSuspendedTaskList                       0x20005838   Data          20  tasks.o(.bss)
    .bss                                     0x2000584c   Section       40  timers.o(.bss)
    xActiveTimerList1                        0x2000584c   Data          20  timers.o(.bss)
    xActiveTimerList2                        0x20005860   Data          20  timers.o(.bss)
    .bss                                     0x20005874   Section       96  libspace.o(.bss)
    HEAP                                     0x200058d8   Section      512  startup_stm32f10x_hd.o(HEAP)
    Heap_Mem                                 0x200058d8   Data         512  startup_stm32f10x_hd.o(HEAP)
    STACK                                    0x20005ad8   Section     1024  startup_stm32f10x_hd.o(STACK)
    Stack_Mem                                0x20005ad8   Data        1024  startup_stm32f10x_hd.o(STACK)
    __initial_sp                             0x20005ed8   Data           0  startup_stm32f10x_hd.o(STACK)

    Global Symbols

    Symbol Name                              Value     Ov Type        Size  Object(Section)

    BuildAttributes$$THM_ISAv4$P$D$K$B$S$PE$A:L22UL41UL21$X:L11$S22US41US21$IEEE1$IW$USESV6$~STKCKD$USESV7$~SHL$OTIME$ROPI$IEEEJ$EBA8$UX$STANDARDLIB$REQ8$PRES8$EABIv2 0x00000000   Number         0  anon$$obj.o ABSOLUTE
    __ARM_use_no_argv                        0x00000000   Number         0  main.o ABSOLUTE
    _printf_flags                            0x00000000   Number         0  printf_stubs.o ABSOLUTE
    _printf_return_value                     0x00000000   Number         0  printf_stubs.o ABSOLUTE
    _printf_sizespec                         0x00000000   Number         0  printf_stubs.o ABSOLUTE
    _printf_widthprec                        0x00000000   Number         0  printf_stubs.o ABSOLUTE
    __ARM_exceptions_init                     - Undefined Weak Reference
    __alloca_initialize                       - Undefined Weak Reference
    __arm_preinit_                            - Undefined Weak Reference
    __cpp_initialize__aeabi_                  - Undefined Weak Reference
    __cxa_finalize                            - Undefined Weak Reference
    __sigvec_lookup                           - Undefined Weak Reference
    _atexit_init                              - Undefined Weak Reference
    _call_atexit_fns                          - Undefined Weak Reference
    _clock_init                               - Undefined Weak Reference
    _fp_trap_init                             - Undefined Weak Reference
    _fp_trap_shutdown                         - Undefined Weak Reference
    _get_lc_collate                           - Undefined Weak Reference
    _get_lc_monetary                          - Undefined Weak Reference
    _get_lc_time                              - Undefined Weak Reference
    _getenv_init                              - Undefined Weak Reference
    _handle_redirection                       - Undefined Weak Reference
    _init_alloc                               - Undefined Weak Reference
    _init_user_alloc                          - Undefined Weak Reference
    _initio                                   - Undefined Weak Reference
    _mutex_acquire                            - Undefined Weak Reference
    _mutex_release                            - Undefined Weak Reference
    _printf_fp_hex                            - Undefined Weak Reference
    _printf_mbtowc                            - Undefined Weak Reference
    _printf_wc                                - Undefined Weak Reference
    _rand_init                                - Undefined Weak Reference
    _signal_finish                            - Undefined Weak Reference
    _signal_init                              - Undefined Weak Reference
    _terminate_alloc                          - Undefined Weak Reference
    _terminate_user_alloc                     - Undefined Weak Reference
    _terminateio                              - Undefined Weak Reference
    __Vectors_Size                           0x00000130   Number         0  startup_stm32f10x_hd.o ABSOLUTE
    __Vectors                                0x08003000   Data           4  startup_stm32f10x_hd.o(RESET)
    __Vectors_End                            0x08003130   Data           0  startup_stm32f10x_hd.o(RESET)
    __main                                   0x08003131   Thumb Code     8  __main.o(!!!main)
    __scatterload                            0x08003139   Thumb Code     0  __scatter.o(!!!scatter)
    __scatterload_rt2                        0x08003139   Thumb Code    44  __scatter.o(!!!scatter)
    __scatterload_rt2_thumb_only             0x08003139   Thumb Code     0  __scatter.o(!!!scatter)
    __scatterload_null                       0x08003147   Thumb Code     0  __scatter.o(!!!scatter)
    __scatterload_copy                       0x0800316d   Thumb Code    26  __scatter_copy.o(!!handler_copy)
    __scatterload_zeroinit                   0x08003189   Thumb Code    28  __scatter_zi.o(!!handler_zi)
    _printf_n                                0x080031a5   Thumb Code     0  _printf_n.o(.ARM.Collect$$_printf_percent$$00000001)
    _printf_percent                          0x080031a5   Thumb Code     0  _printf_percent.o(.ARM.Collect$$_printf_percent$$00000000)
    _printf_p                                0x080031ab   Thumb Code     0  _printf_p.o(.ARM.Collect$$_printf_percent$$00000002)
    _printf_f                                0x080031b1   Thumb Code     0  _printf_f.o(.ARM.Collect$$_printf_percent$$00000003)
    _printf_e                                0x080031b7   Thumb Code     0  _printf_e.o(.ARM.Collect$$_printf_percent$$00000004)
    _printf_g                                0x080031bd   Thumb Code     0  _printf_g.o(.ARM.Collect$$_printf_percent$$00000005)
    _printf_a                                0x080031c3   Thumb Code     0  _printf_a.o(.ARM.Collect$$_printf_percent$$00000006)
    _printf_ll                               0x080031c9   Thumb Code     0  _printf_ll.o(.ARM.Collect$$_printf_percent$$00000007)
    _printf_i                                0x080031d3   Thumb Code     0  _printf_i.o(.ARM.Collect$$_printf_percent$$00000008)
    _printf_d                                0x080031d9   Thumb Code     0  _printf_d.o(.ARM.Collect$$_printf_percent$$00000009)
    _printf_u                                0x080031df   Thumb Code     0  _printf_u.o(.ARM.Collect$$_printf_percent$$0000000A)
    _printf_o                                0x080031e5   Thumb Code     0  _printf_o.o(.ARM.Collect$$_printf_percent$$0000000B)
    _printf_x                                0x080031eb   Thumb Code     0  _printf_x.o(.ARM.Collect$$_printf_percent$$0000000C)
    _printf_lli                              0x080031f1   Thumb Code     0  _printf_lli.o(.ARM.Collect$$_printf_percent$$0000000D)
    _printf_lld                              0x080031f7   Thumb Code     0  _printf_lld.o(.ARM.Collect$$_printf_percent$$0000000E)
    _printf_llu                              0x080031fd   Thumb Code     0  _printf_llu.o(.ARM.Collect$$_printf_percent$$0000000F)
    _printf_llo                              0x08003203   Thumb Code     0  _printf_llo.o(.ARM.Collect$$_printf_percent$$00000010)
    _printf_llx                              0x08003209   Thumb Code     0  _printf_llx.o(.ARM.Collect$$_printf_percent$$00000011)
    _printf_l                                0x0800320f   Thumb Code     0  _printf_l.o(.ARM.Collect$$_printf_percent$$00000012)
    _printf_c                                0x08003219   Thumb Code     0  _printf_c.o(.ARM.Collect$$_printf_percent$$00000013)
    _printf_s                                0x0800321f   Thumb Code     0  _printf_s.o(.ARM.Collect$$_printf_percent$$00000014)
    _printf_lc                               0x08003225   Thumb Code     0  _printf_lc.o(.ARM.Collect$$_printf_percent$$00000015)
    _printf_ls                               0x0800322b   Thumb Code     0  _printf_ls.o(.ARM.Collect$$_printf_percent$$00000016)
    _printf_percent_end                      0x08003231   Thumb Code     0  _printf_percent_end.o(.ARM.Collect$$_printf_percent$$00000017)
    __rt_lib_init                            0x08003235   Thumb Code     0  libinit.o(.ARM.Collect$$libinit$$00000000)
    __rt_lib_init_fp_1                       0x08003237   Thumb Code     0  libinit2.o(.ARM.Collect$$libinit$$00000002)
    __rt_lib_init_heap_1                     0x08003237   Thumb Code     0  libinit2.o(.ARM.Collect$$libinit$$0000000A)
    __rt_lib_init_lc_common                  0x08003237   Thumb Code     0  libinit2.o(.ARM.Collect$$libinit$$0000000F)
    __rt_lib_init_preinit_1                  0x08003237   Thumb Code     0  libinit2.o(.ARM.Collect$$libinit$$00000004)
    __rt_lib_init_rand_1                     0x08003237   Thumb Code     0  libinit2.o(.ARM.Collect$$libinit$$0000000E)
    __rt_lib_init_user_alloc_1               0x08003237   Thumb Code     0  libinit2.o(.ARM.Collect$$libinit$$0000000C)
    __rt_lib_init_lc_collate_1               0x0800323d   Thumb Code     0  libinit2.o(.ARM.Collect$$libinit$$00000011)
    __rt_lib_init_lc_ctype_2                 0x0800323d   Thumb Code     0  libinit2.o(.ARM.Collect$$libinit$$00000012)
    __rt_lib_init_lc_ctype_1                 0x08003249   Thumb Code     0  libinit2.o(.ARM.Collect$$libinit$$00000013)
    __rt_lib_init_lc_monetary_1              0x08003249   Thumb Code     0  libinit2.o(.ARM.Collect$$libinit$$00000015)
    __rt_lib_init_lc_numeric_2               0x08003249   Thumb Code     0  libinit2.o(.ARM.Collect$$libinit$$00000016)
    __rt_lib_init_alloca_1                   0x08003253   Thumb Code     0  libinit2.o(.ARM.Collect$$libinit$$0000002E)
    __rt_lib_init_argv_1                     0x08003253   Thumb Code     0  libinit2.o(.ARM.Collect$$libinit$$0000002C)
    __rt_lib_init_atexit_1                   0x08003253   Thumb Code     0  libinit2.o(.ARM.Collect$$libinit$$0000001B)
    __rt_lib_init_clock_1                    0x08003253   Thumb Code     0  libinit2.o(.ARM.Collect$$libinit$$00000021)
    __rt_lib_init_cpp_1                      0x08003253   Thumb Code     0  libinit2.o(.ARM.Collect$$libinit$$00000032)
    __rt_lib_init_exceptions_1               0x08003253   Thumb Code     0  libinit2.o(.ARM.Collect$$libinit$$00000030)
    __rt_lib_init_fp_trap_1                  0x08003253   Thumb Code     0  libinit2.o(.ARM.Collect$$libinit$$0000001F)
    __rt_lib_init_getenv_1                   0x08003253   Thumb Code     0  libinit2.o(.ARM.Collect$$libinit$$00000023)
    __rt_lib_init_lc_numeric_1               0x08003253   Thumb Code     0  libinit2.o(.ARM.Collect$$libinit$$00000017)
    __rt_lib_init_lc_time_1                  0x08003253   Thumb Code     0  libinit2.o(.ARM.Collect$$libinit$$00000019)
    __rt_lib_init_return                     0x08003253   Thumb Code     0  libinit2.o(.ARM.Collect$$libinit$$00000033)
    __rt_lib_init_signal_1                   0x08003253   Thumb Code     0  libinit2.o(.ARM.Collect$$libinit$$0000001D)
    __rt_lib_init_stdio_1                    0x08003253   Thumb Code     0  libinit2.o(.ARM.Collect$$libinit$$00000025)
    __rt_lib_shutdown                        0x08003255   Thumb Code     0  libshutdown.o(.ARM.Collect$$libshutdown$$00000000)
    __rt_lib_shutdown_fp_trap_1              0x08003257   Thumb Code     0  libshutdown2.o(.ARM.Collect$$libshutdown$$00000006)
    __rt_lib_shutdown_heap_1                 0x08003257   Thumb Code     0  libshutdown2.o(.ARM.Collect$$libshutdown$$0000000E)
    __rt_lib_shutdown_return                 0x08003257   Thumb Code     0  libshutdown2.o(.ARM.Collect$$libshutdown$$0000000F)
    __rt_lib_shutdown_signal_1               0x08003257   Thumb Code     0  libshutdown2.o(.ARM.Collect$$libshutdown$$00000009)
    __rt_lib_shutdown_stdio_1                0x08003257   Thumb Code     0  libshutdown2.o(.ARM.Collect$$libshutdown$$00000003)
    __rt_lib_shutdown_user_alloc_1           0x08003257   Thumb Code     0  libshutdown2.o(.ARM.Collect$$libshutdown$$0000000B)
    __rt_entry                               0x08003259   Thumb Code     0  __rtentry.o(.ARM.Collect$$rtentry$$00000000)
    __rt_entry_presh_1                       0x08003259   Thumb Code     0  __rtentry2.o(.ARM.Collect$$rtentry$$00000002)
    __rt_entry_sh                            0x08003259   Thumb Code     0  __rtentry4.o(.ARM.Collect$$rtentry$$00000004)
    __rt_entry_li                            0x0800325f   Thumb Code     0  __rtentry2.o(.ARM.Collect$$rtentry$$0000000A)
    __rt_entry_postsh_1                      0x0800325f   Thumb Code     0  __rtentry2.o(.ARM.Collect$$rtentry$$00000009)
    __rt_entry_main                          0x08003263   Thumb Code     0  __rtentry2.o(.ARM.Collect$$rtentry$$0000000D)
    __rt_entry_postli_1                      0x08003263   Thumb Code     0  __rtentry2.o(.ARM.Collect$$rtentry$$0000000C)
    __rt_exit                                0x0800326b   Thumb Code     0  rtexit.o(.ARM.Collect$$rtexit$$00000000)
    __rt_exit_ls                             0x0800326d   Thumb Code     0  rtexit2.o(.ARM.Collect$$rtexit$$00000003)
    __rt_exit_prels_1                        0x0800326d   Thumb Code     0  rtexit2.o(.ARM.Collect$$rtexit$$00000002)
    __rt_exit_exit                           0x08003271   Thumb Code     0  rtexit2.o(.ARM.Collect$$rtexit$$00000004)
    SVC_Handler                              0x08003279   Thumb Code    32  port.o(.emb_text)
    __asm___6_port_c_39a90d8d__prvStartFirstTask 0x0800329d   Thumb Code    28  port.o(.emb_text)
    PendSV_Handler                           0x080032bd   Thumb Code    72  port.o(.emb_text)
    vPortGetIPSR                             0x08003309   Thumb Code     6  port.o(.emb_text)
    Reset_Handler                            0x08003311   Thumb Code     8  startup_stm32f10x_hd.o(.text)
    ADC1_2_IRQHandler                        0x0800332b   Thumb Code     0  startup_stm32f10x_hd.o(.text)
    ADC3_IRQHandler                          0x0800332b   Thumb Code     0  startup_stm32f10x_hd.o(.text)
    CAN1_RX1_IRQHandler                      0x0800332b   Thumb Code     0  startup_stm32f10x_hd.o(.text)
    CAN1_SCE_IRQHandler                      0x0800332b   Thumb Code     0  startup_stm32f10x_hd.o(.text)
    DMA1_Channel1_IRQHandler                 0x0800332b   Thumb Code     0  startup_stm32f10x_hd.o(.text)
    DMA1_Channel2_IRQHandler                 0x0800332b   Thumb Code     0  startup_stm32f10x_hd.o(.text)
    DMA1_Channel3_IRQHandler                 0x0800332b   Thumb Code     0  startup_stm32f10x_hd.o(.text)
    DMA1_Channel4_IRQHandler                 0x0800332b   Thumb Code     0  startup_stm32f10x_hd.o(.text)
    DMA1_Channel5_IRQHandler                 0x0800332b   Thumb Code     0  startup_stm32f10x_hd.o(.text)
    DMA1_Channel6_IRQHandler                 0x0800332b   Thumb Code     0  startup_stm32f10x_hd.o(.text)
    DMA1_Channel7_IRQHandler                 0x0800332b   Thumb Code     0  startup_stm32f10x_hd.o(.text)
    DMA2_Channel1_IRQHandler                 0x0800332b   Thumb Code     0  startup_stm32f10x_hd.o(.text)
    DMA2_Channel2_IRQHandler                 0x0800332b   Thumb Code     0  startup_stm32f10x_hd.o(.text)
    DMA2_Channel3_IRQHandler                 0x0800332b   Thumb Code     0  startup_stm32f10x_hd.o(.text)
    DMA2_Channel4_5_IRQHandler               0x0800332b   Thumb Code     0  startup_stm32f10x_hd.o(.text)
    EXTI0_IRQHandler                         0x0800332b   Thumb Code     0  startup_stm32f10x_hd.o(.text)
    EXTI15_10_IRQHandler                     0x0800332b   Thumb Code     0  startup_stm32f10x_hd.o(.text)
    EXTI2_IRQHandler                         0x0800332b   Thumb Code     0  startup_stm32f10x_hd.o(.text)
    EXTI3_IRQHandler                         0x0800332b   Thumb Code     0  startup_stm32f10x_hd.o(.text)
    EXTI9_5_IRQHandler                       0x0800332b   Thumb Code     0  startup_stm32f10x_hd.o(.text)
    FLASH_IRQHandler                         0x0800332b   Thumb Code     0  startup_stm32f10x_hd.o(.text)
    FSMC_IRQHandler                          0x0800332b   Thumb Code     0  startup_stm32f10x_hd.o(.text)
    I2C1_ER_IRQHandler                       0x0800332b   Thumb Code     0  startup_stm32f10x_hd.o(.text)
    I2C1_EV_IRQHandler                       0x0800332b   Thumb Code     0  startup_stm32f10x_hd.o(.text)
    I2C2_ER_IRQHandler                       0x0800332b   Thumb Code     0  startup_stm32f10x_hd.o(.text)
    I2C2_EV_IRQHandler                       0x0800332b   Thumb Code     0  startup_stm32f10x_hd.o(.text)
    PVD_IRQHandler                           0x0800332b   Thumb Code     0  startup_stm32f10x_hd.o(.text)
    RCC_IRQHandler                           0x0800332b   Thumb Code     0  startup_stm32f10x_hd.o(.text)
    RTCAlarm_IRQHandler                      0x0800332b   Thumb Code     0  startup_stm32f10x_hd.o(.text)
    RTC_IRQHandler                           0x0800332b   Thumb Code     0  startup_stm32f10x_hd.o(.text)
    SDIO_IRQHandler                          0x0800332b   Thumb Code     0  startup_stm32f10x_hd.o(.text)
    SPI1_IRQHandler                          0x0800332b   Thumb Code     0  startup_stm32f10x_hd.o(.text)
    SPI2_IRQHandler                          0x0800332b   Thumb Code     0  startup_stm32f10x_hd.o(.text)
    SPI3_IRQHandler                          0x0800332b   Thumb Code     0  startup_stm32f10x_hd.o(.text)
    TAMPER_IRQHandler                        0x0800332b   Thumb Code     0  startup_stm32f10x_hd.o(.text)
    TIM1_BRK_IRQHandler                      0x0800332b   Thumb Code     0  startup_stm32f10x_hd.o(.text)
    TIM1_CC_IRQHandler                       0x0800332b   Thumb Code     0  startup_stm32f10x_hd.o(.text)
    TIM1_TRG_COM_IRQHandler                  0x0800332b   Thumb Code     0  startup_stm32f10x_hd.o(.text)
    TIM1_UP_IRQHandler                       0x0800332b   Thumb Code     0  startup_stm32f10x_hd.o(.text)
    TIM2_IRQHandler                          0x0800332b   Thumb Code     0  startup_stm32f10x_hd.o(.text)
    TIM3_IRQHandler                          0x0800332b   Thumb Code     0  startup_stm32f10x_hd.o(.text)
    TIM4_IRQHandler                          0x0800332b   Thumb Code     0  startup_stm32f10x_hd.o(.text)
    TIM5_IRQHandler                          0x0800332b   Thumb Code     0  startup_stm32f10x_hd.o(.text)
    TIM6_IRQHandler                          0x0800332b   Thumb Code     0  startup_stm32f10x_hd.o(.text)
    TIM7_IRQHandler                          0x0800332b   Thumb Code     0  startup_stm32f10x_hd.o(.text)
    TIM8_BRK_IRQHandler                      0x0800332b   Thumb Code     0  startup_stm32f10x_hd.o(.text)
    TIM8_CC_IRQHandler                       0x0800332b   Thumb Code     0  startup_stm32f10x_hd.o(.text)
    TIM8_TRG_COM_IRQHandler                  0x0800332b   Thumb Code     0  startup_stm32f10x_hd.o(.text)
    TIM8_UP_IRQHandler                       0x0800332b   Thumb Code     0  startup_stm32f10x_hd.o(.text)
    UART5_IRQHandler                         0x0800332b   Thumb Code     0  startup_stm32f10x_hd.o(.text)
    USBWakeUp_IRQHandler                     0x0800332b   Thumb Code     0  startup_stm32f10x_hd.o(.text)
    USB_HP_CAN1_TX_IRQHandler                0x0800332b   Thumb Code     0  startup_stm32f10x_hd.o(.text)
    USB_LP_CAN1_RX0_IRQHandler               0x0800332b   Thumb Code     0  startup_stm32f10x_hd.o(.text)
    WWDG_IRQHandler                          0x0800332b   Thumb Code     0  startup_stm32f10x_hd.o(.text)
    __user_initial_stackheap                 0x0800332d   Thumb Code     0  startup_stm32f10x_hd.o(.text)
    __use_no_semihosting                     0x08003351   Thumb Code     2  use_no_semi_2.o(.text)
    __c89vsprintf                            0x08003355   Thumb Code    32  c89vsprintf.o(.text)
    __2printf                                0x08003379   Thumb Code    20  __2printf.o(.text)
    _printf_str                              0x08003391   Thumb Code    82  _printf_str.o(.text)
    _printf_int_dec                          0x080033e5   Thumb Code   104  _printf_dec.o(.text)
    __printf                                 0x0800345d   Thumb Code   388  __printf_flags_ss_wp.o(.text)
    atoi                                     0x080035e5   Thumb Code    26  atoi.o(.text)
    strchr                                   0x080035ff   Thumb Code    20  strchr.o(.text)
    strcpy                                   0x08003613   Thumb Code    72  strcpy.o(.text)
    strlen                                   0x0800365b   Thumb Code    62  strlen.o(.text)
    strncmp                                  0x08003699   Thumb Code   150  strncmp.o(.text)
    __aeabi_memcpy                           0x0800372f   Thumb Code     0  rt_memcpy_v6.o(.text)
    __rt_memcpy                              0x0800372f   Thumb Code   138  rt_memcpy_v6.o(.text)
    _memcpy_lastbytes                        0x08003795   Thumb Code     0  rt_memcpy_v6.o(.text)
    __aeabi_memset                           0x080037b9   Thumb Code    16  aeabi_memset.o(.text)
    __use_two_region_memory                  0x080037c9   Thumb Code     2  heapauxi.o(.text)
    __rt_heap_escrow$2region                 0x080037cb   Thumb Code     2  heapauxi.o(.text)
    __rt_heap_expand$2region                 0x080037cd   Thumb Code     2  heapauxi.o(.text)
    __I$use$semihosting                      0x080037cf   Thumb Code     0  use_no_semi.o(.text)
    __use_no_semihosting_swi                 0x080037cf   Thumb Code     2  use_no_semi.o(.text)
    __aeabi_errno_addr                       0x080037d1   Thumb Code     8  rt_errno_addr_intlibspace.o(.text)
    __errno$intlibspace                      0x080037d1   Thumb Code     0  rt_errno_addr_intlibspace.o(.text)
    __rt_errno_addr$intlibspace              0x080037d1   Thumb Code     0  rt_errno_addr_intlibspace.o(.text)
    _printf_pre_padding                      0x080037d9   Thumb Code    44  _printf_pad.o(.text)
    _printf_post_padding                     0x08003805   Thumb Code    34  _printf_pad.o(.text)
    _printf_truncate_signed                  0x08003827   Thumb Code    18  _printf_truncate.o(.text)
    _printf_truncate_unsigned                0x08003839   Thumb Code    18  _printf_truncate.o(.text)
    _printf_int_common                       0x0800384b   Thumb Code   178  _printf_intcommon.o(.text)
    _printf_charcount                        0x080038fd   Thumb Code    40  _printf_charcount.o(.text)
    _printf_char_common                      0x0800392f   Thumb Code    32  _printf_char_common.o(.text)
    _sputc                                   0x08003955   Thumb Code    10  _sputc.o(.text)
    _printf_cs_common                        0x0800395f   Thumb Code    20  _printf_char.o(.text)
    _printf_char                             0x08003973   Thumb Code    16  _printf_char.o(.text)
    _printf_string                           0x08003983   Thumb Code     8  _printf_char.o(.text)
    _printf_char_file                        0x0800398d   Thumb Code    32  _printf_char_file.o(.text)
    _printf_wctomb                           0x080039b1   Thumb Code   182  _printf_wctomb.o(.text)
    _printf_longlong_dec                     0x08003a6d   Thumb Code   108  _printf_longlong_dec.o(.text)
    _printf_longlong_oct                     0x08003ae9   Thumb Code    68  _printf_oct_int_ll.o(.text)
    _printf_int_oct                          0x08003b2d   Thumb Code    24  _printf_oct_int_ll.o(.text)
    _printf_ll_oct                           0x08003b45   Thumb Code    12  _printf_oct_int_ll.o(.text)
    _printf_longlong_hex                     0x08003b59   Thumb Code    86  _printf_hex_int_ll_ptr.o(.text)
    _printf_int_hex                          0x08003baf   Thumb Code    28  _printf_hex_int_ll_ptr.o(.text)
    _printf_ll_hex                           0x08003bcb   Thumb Code    12  _printf_hex_int_ll_ptr.o(.text)
    _printf_hex_ptr                          0x08003bd7   Thumb Code    18  _printf_hex_int_ll_ptr.o(.text)
    strtol                                   0x08003bed   Thumb Code   112  strtol.o(.text)
    __aeabi_memcpy4                          0x08003c5d   Thumb Code     0  rt_memcpy_w.o(.text)
    __aeabi_memcpy8                          0x08003c5d   Thumb Code     0  rt_memcpy_w.o(.text)
    __rt_memcpy_w                            0x08003c5d   Thumb Code   100  rt_memcpy_w.o(.text)
    _memcpy_lastbytes_aligned                0x08003ca5   Thumb Code     0  rt_memcpy_w.o(.text)
    __aeabi_memclr                           0x08003cc1   Thumb Code     0  rt_memclr.o(.text)
    __rt_memclr                              0x08003cc1   Thumb Code    68  rt_memclr.o(.text)
    _memset                                  0x08003cc5   Thumb Code     0  rt_memclr.o(.text)
    __user_libspace                          0x08003d05   Thumb Code     8  libspace.o(.text)
    __user_perproc_libspace                  0x08003d05   Thumb Code     0  libspace.o(.text)
    __user_perthread_libspace                0x08003d05   Thumb Code     0  libspace.o(.text)
    __rt_ctype_table                         0x08003d0d   Thumb Code    16  rt_ctype_table.o(.text)
    _ll_udiv10                               0x08003d1d   Thumb Code   138  lludiv10.o(.text)
    __lib_sel_fp_printf                      0x08003da7   Thumb Code     2  _printf_fp_dec.o(.text)
    _printf_fp_dec_real                      0x08003f55   Thumb Code   620  _printf_fp_dec.o(.text)
    _printf_lcs_common                       0x080041c1   Thumb Code    20  _printf_wchar.o(.text)
    _printf_wchar                            0x080041d5   Thumb Code    16  _printf_wchar.o(.text)
    _printf_wstring                          0x080041e5   Thumb Code     8  _printf_wchar.o(.text)
    _strtoul                                 0x080041ed   Thumb Code   158  _strtoul.o(.text)
    ferror                                   0x0800428b   Thumb Code     8  ferror.o(.text)
    _wcrtomb                                 0x08004293   Thumb Code    64  _wcrtomb.o(.text)
    __aeabi_memclr4                          0x080042d3   Thumb Code     0  rt_memclr_w.o(.text)
    __aeabi_memclr8                          0x080042d3   Thumb Code     0  rt_memclr_w.o(.text)
    __rt_memclr_w                            0x080042d3   Thumb Code    78  rt_memclr_w.o(.text)
    _memset_w                                0x080042d7   Thumb Code     0  rt_memclr_w.o(.text)
    __user_setup_stackheap                   0x08004321   Thumb Code    74  sys_stackheap_outer.o(.text)
    __rt_locale                              0x0800436d   Thumb Code     8  rt_locale_intlibspace.o(.text)
    _printf_fp_infnan                        0x08004375   Thumb Code   112  _printf_fp_infnan.o(.text)
    _chval                                   0x080043f5   Thumb Code    28  _chval.o(.text)
    _btod_etento                             0x08004411   Thumb Code   216  bigflt0.o(.text)
    exit                                     0x080044ed   Thumb Code    12  exit.o(.text)
    strcmp                                   0x080044f9   Thumb Code   128  strcmpv7m.o(.text)
    _btod_d2e                                0x08004579   Thumb Code    62  btod.o(CL$$btod_d2e)
    _d2e_denorm_low                          0x080045b7   Thumb Code    70  btod.o(CL$$btod_d2e_denorm_low)
    _d2e_norm_op1                            0x080045fd   Thumb Code    96  btod.o(CL$$btod_d2e_norm_op1)
    __btod_div_common                        0x0800465d   Thumb Code   696  btod.o(CL$$btod_div_common)
    _e2e                                     0x08004995   Thumb Code   198  btod.o(CL$$btod_e2e)
    _btod_ediv                               0x08004a5b   Thumb Code    40  btod.o(CL$$btod_ediv)
    _btod_emul                               0x08004a83   Thumb Code    40  btod.o(CL$$btod_emul)
    __btod_mult_common                       0x08004aab   Thumb Code   580  btod.o(CL$$btod_mult_common)
    BusFault_Handler                         0x08004cef   Thumb Code     4  stm32f10x_it.o(i.BusFault_Handler)
    DebugMon_Handler                         0x08004cf3   Thumb Code     2  stm32f10x_it.o(i.DebugMon_Handler)
    EXTI1_IRQHandler                         0x08004cf5   Thumb Code    16  exti.o(i.EXTI1_IRQHandler)
    EXTI4_IRQHandler                         0x08004d05   Thumb Code    16  exti.o(i.EXTI4_IRQHandler)
    EXTI_ClearITPendingBit                   0x08004d15   Thumb Code     6  stm32f10x_exti.o(i.EXTI_ClearITPendingBit)
    EXTI_GetITStatus                         0x08004d21   Thumb Code    34  stm32f10x_exti.o(i.EXTI_GetITStatus)
    EXTI_Init                                0x08004d49   Thumb Code   142  stm32f10x_exti.o(i.EXTI_Init)
    FLASH_GetBank1Status                     0x08004ddd   Thumb Code    48  stm32f10x_flash.o(i.FLASH_GetBank1Status)
    FLASH_ProgramHalfWord                    0x08004e11   Thumb Code    60  stm32f10x_flash.o(i.FLASH_ProgramHalfWord)
    FLASH_Unlock                             0x08004e51   Thumb Code    12  stm32f10x_flash.o(i.FLASH_Unlock)
    FLASH_WaitForLastOperation               0x08004e69   Thumb Code    38  stm32f10x_flash.o(i.FLASH_WaitForLastOperation)
    GPIO_EXTILineConfig                      0x08004e91   Thumb Code    60  stm32f10x_gpio.o(i.GPIO_EXTILineConfig)
    GPIO_Init                                0x08004ed1   Thumb Code   278  stm32f10x_gpio.o(i.GPIO_Init)
    GPIO_SetBits                             0x08004fe7   Thumb Code     4  stm32f10x_gpio.o(i.GPIO_SetBits)
    HardFault_Handler                        0x08004feb   Thumb Code     4  stm32f10x_it.o(i.HardFault_Handler)
    MemManage_Handler                        0x08004fef   Thumb Code     4  stm32f10x_it.o(i.MemManage_Handler)
    NMI_Handler                              0x08004ff3   Thumb Code     2  stm32f10x_it.o(i.NMI_Handler)
    NVIC_Init                                0x08004ff5   Thumb Code   100  misc.o(i.NVIC_Init)
    NVIC_PriorityGroupConfig                 0x08005065   Thumb Code    10  misc.o(i.NVIC_PriorityGroupConfig)
    NVIC_SetVectorTable                      0x08005079   Thumb Code    12  misc.o(i.NVIC_SetVectorTable)
    RCC_APB1PeriphResetCmd                   0x080050b5   Thumb Code    26  stm32f10x_rcc.o(i.RCC_APB1PeriphResetCmd)
    RCC_APB2PeriphClockCmd                   0x080050d5   Thumb Code    26  stm32f10x_rcc.o(i.RCC_APB2PeriphClockCmd)
    RCC_APB2PeriphResetCmd                   0x080050f5   Thumb Code    26  stm32f10x_rcc.o(i.RCC_APB2PeriphResetCmd)
    RCC_GetClocksFreq                        0x08005115   Thumb Code   192  stm32f10x_rcc.o(i.RCC_GetClocksFreq)
    SysTick_CLKSourceConfig                  0x080052d1   Thumb Code    40  misc.o(i.SysTick_CLKSourceConfig)
    SysTick_Handler                          0x080052f9   Thumb Code    16  delay.o(i.SysTick_Handler)
    SystemInit                               0x08005309   Thumb Code    78  system_stm32f10x.o(i.SystemInit)
    UART4_IRQHandler                         0x08005369   Thumb Code   118  usart.o(i.UART4_IRQHandler)
    USART1_IRQHandler                        0x080053ed   Thumb Code   188  usart.o(i.USART1_IRQHandler)
    USART2_IRQHandler                        0x080054bd   Thumb Code   118  usart.o(i.USART2_IRQHandler)
    USART3_IRQHandler                        0x08005541   Thumb Code   132  usart.o(i.USART3_IRQHandler)
    USART_ClearITPendingBit                  0x080055d5   Thumb Code    30  stm32f10x_usart.o(i.USART_ClearITPendingBit)
    USART_Cmd                                0x080055f3   Thumb Code    24  stm32f10x_usart.o(i.USART_Cmd)
    USART_DeInit                             0x0800560d   Thumb Code   134  stm32f10x_usart.o(i.USART_DeInit)
    USART_GetFlagStatus                      0x080056a9   Thumb Code    26  stm32f10x_usart.o(i.USART_GetFlagStatus)
    USART_GetITStatus                        0x080056c3   Thumb Code    84  stm32f10x_usart.o(i.USART_GetITStatus)
    USART_ITConfig                           0x08005717   Thumb Code    74  stm32f10x_usart.o(i.USART_ITConfig)
    USART_Init                               0x08005761   Thumb Code   210  stm32f10x_usart.o(i.USART_Init)
    USART_ReceiveData                        0x08005839   Thumb Code    10  stm32f10x_usart.o(i.USART_ReceiveData)
    USART_SendData                           0x08005843   Thumb Code     8  stm32f10x_usart.o(i.USART_SendData)
    UsageFault_Handler                       0x0800584b   Thumb Code     4  stm32f10x_it.o(i.UsageFault_Handler)
    __ARM_fpclassify                         0x0800584f   Thumb Code    40  fpclassify.o(i.__ARM_fpclassify)
    _is_digit                                0x08005877   Thumb Code    14  __printf_wp.o(i._is_digit)
    _sys_exit                                0x08005885   Thumb Code     6  usart.o(i._sys_exit)
    command_init                             0x0800588b   Thumb Code    12  command.o(i.command_init)
    delay_configuration                      0x08005899   Thumb Code    74  delay.o(i.delay_configuration)
    delay_ms                                 0x080058f5   Thumb Code    60  delay.o(i.delay_ms)
    delay_us                                 0x08005935   Thumb Code    68  delay.o(i.delay_us)
    do_help                                  0x0800597d   Thumb Code    58  command.o(i.do_help)
    do_idn                                   0x080059d9   Thumb Code    20  command.o(i.do_idn)
    do_key                                   0x080059f9   Thumb Code    78  command.o(i.do_key)
    do_reboot                                0x08005a6d   Thumb Code    12  command.o(i.do_reboot)
    do_upgrade                               0x08005a8d   Thumb Code    20  command.o(i.do_upgrade)
    do_ver                                   0x08005aa5   Thumb Code    24  command.o(i.do_ver)
    exti_configuration                       0x08005ad5   Thumb Code    76  exti.o(i.exti_configuration)
    find_cmd                                 0x08005b21   Thumb Code    98  command.o(i.find_cmd)
    fputc                                    0x08005b89   Thumb Code    32  usart.o(i.fputc)
    key1_long_press                          0x08005bad   Thumb Code    10  key.o(i.key1_long_press)
    key1_short_press                         0x08005bd1   Thumb Code    10  key.o(i.key1_short_press)
    key2_long_press                          0x08005bf5   Thumb Code    10  key.o(i.key2_long_press)
    key2_scan                                0x08005c19   Thumb Code    70  key.o(i.key2_scan)
    key2_short_press                         0x08005c65   Thumb Code    10  key.o(i.key2_short_press)
    key3_long_press                          0x08005c89   Thumb Code    10  key.o(i.key3_long_press)
    key3_scan                                0x08005cad   Thumb Code    70  key.o(i.key3_scan)
    key3_short_press                         0x08005cf9   Thumb Code    10  key.o(i.key3_short_press)
    key4_long_press                          0x08005d1d   Thumb Code    10  key.o(i.key4_long_press)
    key4_scan                                0x08005d41   Thumb Code    70  key.o(i.key4_scan)
    key4_short_press                         0x08005d8d   Thumb Code    10  key.o(i.key4_short_press)
    key5_long_press                          0x08005db1   Thumb Code    10  key.o(i.key5_long_press)
    key5_scan                                0x08005dd5   Thumb Code    70  key.o(i.key5_scan)
    key5_short_press                         0x08005e21   Thumb Code    10  key.o(i.key5_short_press)
    key6_long_press                          0x08005e45   Thumb Code    10  key.o(i.key6_long_press)
    key6_scan                                0x08005e69   Thumb Code    70  key.o(i.key6_scan)
    key6_short_press                         0x08005eb5   Thumb Code    10  key.o(i.key6_short_press)
    key_command_test                         0x08005ed9   Thumb Code   146  key.o(i.key_command_test)
    key_configuration                        0x08005f6d   Thumb Code   104  key.o(i.key_configuration)
    key_scan                                 0x08005fe5   Thumb Code    24  key.o(i.key_scan)
    key_task                                 0x08005ffd   Thumb Code    26  app.o(i.key_task)
    led_configuration                        0x08006021   Thumb Code    96  led.o(i.led_configuration)
    main                                     0x0800608d   Thumb Code    92  main.o(i.main)
    parse_line                               0x08006125   Thumb Code   104  command.o(i.parse_line)
    pvPortMalloc                             0x08006d15   Thumb Code   262  heap_4.o(i.pvPortMalloc)
    pvTaskIncrementMutexHeldCount            0x08006e69   Thumb Code    26  tasks.o(i.pvTaskIncrementMutexHeldCount)
    pxPortInitialiseStack                    0x08006e89   Thumb Code    30  port.o(i.pxPortInitialiseStack)
    run_command                              0x08006ead   Thumb Code   256  command.o(i.run_command)
    start_task                               0x08006ff9   Thumb Code    84  app.o(i.start_task)
    sys_cmd_exe                              0x08007091   Thumb Code    42  command.o(i.sys_cmd_exe)
    task1_task                               0x080070c5   Thumb Code    22  app.o(i.task1_task)
    uart1_analysis_task                      0x080070e5   Thumb Code    14  app.o(i.uart1_analysis_task)
    uart1_printf                             0x080070f3   Thumb Code    40  usart.o(i.uart1_printf)
    uart1_sendstring                         0x0800711d   Thumb Code    38  usart.o(i.uart1_sendstring)
    usart1_configuration                     0x08007149   Thumb Code   172  usart.o(i.usart1_configuration)
    uxListRemove                             0x080071fd   Thumb Code    40  list.o(i.uxListRemove)
    vListInitialise                          0x08007225   Thumb Code    26  list.o(i.vListInitialise)
    vListInitialiseItem                      0x0800723f   Thumb Code     6  list.o(i.vListInitialiseItem)
    vListInsert                              0x08007245   Thumb Code    52  list.o(i.vListInsert)
    vListInsertEnd                           0x08007279   Thumb Code    24  list.o(i.vListInsertEnd)
    vPortEnterCritical                       0x08007291   Thumb Code    68  port.o(i.vPortEnterCritical)
    vPortExitCritical                        0x08007319   Thumb Code    48  port.o(i.vPortExitCritical)
    vPortFree                                0x08007389   Thumb Code   120  heap_4.o(i.vPortFree)
    vPortSetupTimerInterrupt                 0x08007441   Thumb Code    26  port.o(i.vPortSetupTimerInterrupt)
    vPortValidateInterruptPriority           0x08007461   Thumb Code    86  port.o(i.vPortValidateInterruptPriority)
    vQueueAddToRegistry                      0x08007501   Thumb Code    38  queue.o(i.vQueueAddToRegistry)
    vQueueWaitForMessageRestricted           0x0800752d   Thumb Code    74  queue.o(i.vQueueWaitForMessageRestricted)
    vTaskDelay                               0x08007579   Thumb Code    72  tasks.o(i.vTaskDelay)
    vTaskDelete                              0x080075ed   Thumb Code   192  tasks.o(i.vTaskDelete)
    vTaskMissedYield                         0x080076f9   Thumb Code     8  tasks.o(i.vTaskMissedYield)
    vTaskPlaceOnEventList                    0x08007705   Thumb Code    42  tasks.o(i.vTaskPlaceOnEventList)
    vTaskPlaceOnEventListRestricted          0x08007759   Thumb Code    50  tasks.o(i.vTaskPlaceOnEventListRestricted)
    vTaskPriorityInherit                     0x080077b5   Thumb Code   164  tasks.o(i.vTaskPriorityInherit)
    vTaskSetTimeOutState                     0x08007865   Thumb Code    32  tasks.o(i.vTaskSetTimeOutState)
    vTaskStartScheduler                      0x080078b1   Thumb Code   108  tasks.o(i.vTaskStartScheduler)
    vTaskSuspend                             0x0800795d   Thumb Code   186  tasks.o(i.vTaskSuspend)
    vTaskSuspendAll                          0x08007a5d   Thumb Code    12  tasks.o(i.vTaskSuspendAll)
    vTaskSwitchContext                       0x08007a6d   Thumb Code   110  tasks.o(i.vTaskSwitchContext)
    xPortStartScheduler                      0x08007b15   Thumb Code   140  port.o(i.xPortStartScheduler)
    xPortSysTickHandler                      0x08007bb5   Thumb Code    46  port.o(i.xPortSysTickHandler)
    xQueueGenericCreate                      0x08007be9   Thumb Code    78  queue.o(i.xQueueGenericCreate)
    xQueueGenericReceive                     0x08007c5d   Thumb Code   416  queue.o(i.xQueueGenericReceive)
    xQueueGenericReset                       0x08007e25   Thumb Code   136  queue.o(i.xQueueGenericReset)
    xQueueGenericSend                        0x08007ed5   Thumb Code   412  queue.o(i.xQueueGenericSend)
    xQueueGenericSendFromISR                 0x08008099   Thumb Code   234  queue.o(i.xQueueGenericSendFromISR)
    xTaskCheckForTimeOut                     0x080081a9   Thumb Code   116  tasks.o(i.xTaskCheckForTimeOut)
    xTaskCreate                              0x08008249   Thumb Code    96  tasks.o(i.xTaskCreate)
    xTaskGetSchedulerState                   0x080082a9   Thumb Code    24  tasks.o(i.xTaskGetSchedulerState)
    xTaskGetTickCount                        0x080082c9   Thumb Code     6  tasks.o(i.xTaskGetTickCount)
    xTaskIncrementTick                       0x080082d5   Thumb Code   272  tasks.o(i.xTaskIncrementTick)
    xTaskPriorityDisinherit                  0x08008435   Thumb Code   168  tasks.o(i.xTaskPriorityDisinherit)
    xTaskRemoveFromEventList                 0x0800850d   Thumb Code   118  tasks.o(i.xTaskRemoveFromEventList)
    xTaskResumeAll                           0x080085c1   Thumb Code   214  tasks.o(i.xTaskResumeAll)
    xTaskResumeFromISR                       0x080086e1   Thumb Code   148  tasks.o(i.xTaskResumeFromISR)
    xTimerCreateTimerTask                    0x080087ad   Thumb Code    56  timers.o(i.xTimerCreateTimerTask)
    xTimerGenericCommand                     0x08008821   Thumb Code   118  timers.o(i.xTimerGenericCommand)
    _get_lc_ctype                            0x080088c5   Thumb Code    44  lc_ctype_c.o(locale$$code)
    _get_lc_numeric                          0x080088f1   Thumb Code    44  lc_numeric_c.o(locale$$code)
    _printf_fp_dec                           0x0800891d   Thumb Code     4  printf1.o(x$fpl$printf1)
    __I$use$fp                               0x08008920   Number         0  usenofp.o(x$fpl$usenofp)
    idn                                      0x08008920   Data          29  command.o(.constdata)
    version                                  0x0800893d   Data           6  command.o(.constdata)
    data_str                                 0x08008943   Data          12  command.o(.constdata)
    time_str                                 0x0800894f   Data           9  command.o(.constdata)
    Region$$Table$$Base                      0x08008b1c   Number         0  anon$$obj.o(Region$$Table)
    Region$$Table$$Limit                     0x08008b3c   Number         0  anon$$obj.o(Region$$Table)
    __ctype                                  0x08008b49   Data           0  lc_ctype_c.o(locale$$data)
    SystemCoreClock                          0x20000014   Data           4  system_stm32f10x.o(.data)
    AHBPrescTable                            0x20000018   Data          16  system_stm32f10x.o(.data)
    USART1_RX_STA                            0x2000002c   Data           4  usart.o(.data)
    USART2_RX_STA                            0x20000030   Data           4  usart.o(.data)
    USART3_RX_STA                            0x20000034   Data           4  usart.o(.data)
    USART4_RX_STA                            0x20000038   Data           4  usart.o(.data)
    __stdout                                 0x2000003c   Data           4  usart.o(.data)
    pxCurrentTCB                             0x20000068   Data           4  tasks.o(.data)
    sys_cmd_tab                              0x200000b8   Data          96  command.o(.data)
    StartTask_Handler                        0x20000118   Data           4  app.o(.data)
    Task1Task_Handler                        0x2000011c   Data           4  app.o(.data)
    Uart1Analysis_Task_Handler               0x20000120   Data           4  app.o(.data)
    KeyTask_Handler                          0x20000124   Data           4  app.o(.data)
    USART1_RX_BUF                            0x20000128   Data         256  usart.o(.bss)
    USART2_RX_BUF                            0x20000228   Data         256  usart.o(.bss)
    USART3_RX_BUF                            0x20000328   Data         256  usart.o(.bss)
    USART4_RX_BUF                            0x20000428   Data         256  usart.o(.bss)
    xQueueRegistry                           0x20005528   Data          64  queue.o(.bss)
    __libspace_start                         0x20005874   Data          96  libspace.o(.bss)
    __temporary_stack_top$libspace           0x200058d4   Data           0  libspace.o(.bss)



==============================================================================

Memory Map of the image

  Image Entry point : 0x08003131

  Load Region LR_IROM1 (Base: 0x08003000, Size: 0x00005d90, Max: 0x00080000, ABSOLUTE)

    Execution Region ER_IROM1 (Base: 0x08003000, Size: 0x00005c68, Max: 0x00080000, ABSOLUTE)

    Base Addr    Size         Type   Attr      Idx    E Section Name        Object

    0x08003000   0x00000130   Data   RO         3401    RESET               startup_stm32f10x_hd.o
    0x08003130   0x00000008   Code   RO         5205  * !!!main             c_w.l(__main.o)
    0x08003138   0x00000034   Code   RO         5506    !!!scatter          c_w.l(__scatter.o)
    0x0800316c   0x0000001a   Code   RO         5508    !!handler_copy      c_w.l(__scatter_copy.o)
    0x08003186   0x00000002   PAD
    0x08003188   0x0000001c   Code   RO         5510    !!handler_zi        c_w.l(__scatter_zi.o)
    0x080031a4   0x00000000   Code   RO         5188    .ARM.Collect$$_printf_percent$$00000000  c_w.l(_printf_percent.o)
    0x080031a4   0x00000006   Code   RO         5263    .ARM.Collect$$_printf_percent$$00000001  c_w.l(_printf_n.o)
    0x080031aa   0x00000006   Code   RO         5265    .ARM.Collect$$_printf_percent$$00000002  c_w.l(_printf_p.o)
    0x080031b0   0x00000006   Code   RO         5268    .ARM.Collect$$_printf_percent$$00000003  c_w.l(_printf_f.o)
    0x080031b6   0x00000006   Code   RO         5269    .ARM.Collect$$_printf_percent$$00000004  c_w.l(_printf_e.o)
    0x080031bc   0x00000006   Code   RO         5270    .ARM.Collect$$_printf_percent$$00000005  c_w.l(_printf_g.o)
    0x080031c2   0x00000006   Code   RO         5271    .ARM.Collect$$_printf_percent$$00000006  c_w.l(_printf_a.o)
    0x080031c8   0x0000000a   Code   RO         5276    .ARM.Collect$$_printf_percent$$00000007  c_w.l(_printf_ll.o)
    0x080031d2   0x00000006   Code   RO         5267    .ARM.Collect$$_printf_percent$$00000008  c_w.l(_printf_i.o)
    0x080031d8   0x00000006   Code   RO         5186    .ARM.Collect$$_printf_percent$$00000009  c_w.l(_printf_d.o)
    0x080031de   0x00000006   Code   RO         5187    .ARM.Collect$$_printf_percent$$0000000A  c_w.l(_printf_u.o)
    0x080031e4   0x00000006   Code   RO         5266    .ARM.Collect$$_printf_percent$$0000000B  c_w.l(_printf_o.o)
    0x080031ea   0x00000006   Code   RO         5264    .ARM.Collect$$_printf_percent$$0000000C  c_w.l(_printf_x.o)
    0x080031f0   0x00000006   Code   RO         5273    .ARM.Collect$$_printf_percent$$0000000D  c_w.l(_printf_lli.o)
    0x080031f6   0x00000006   Code   RO         5274    .ARM.Collect$$_printf_percent$$0000000E  c_w.l(_printf_lld.o)
    0x080031fc   0x00000006   Code   RO         5275    .ARM.Collect$$_printf_percent$$0000000F  c_w.l(_printf_llu.o)
    0x08003202   0x00000006   Code   RO         5280    .ARM.Collect$$_printf_percent$$00000010  c_w.l(_printf_llo.o)
    0x08003208   0x00000006   Code   RO         5281    .ARM.Collect$$_printf_percent$$00000011  c_w.l(_printf_llx.o)
    0x0800320e   0x0000000a   Code   RO         5277    .ARM.Collect$$_printf_percent$$00000012  c_w.l(_printf_l.o)
    0x08003218   0x00000006   Code   RO         5184    .ARM.Collect$$_printf_percent$$00000013  c_w.l(_printf_c.o)
    0x0800321e   0x00000006   Code   RO         5185    .ARM.Collect$$_printf_percent$$00000014  c_w.l(_printf_s.o)
    0x08003224   0x00000006   Code   RO         5278    .ARM.Collect$$_printf_percent$$00000015  c_w.l(_printf_lc.o)
    0x0800322a   0x00000006   Code   RO         5279    .ARM.Collect$$_printf_percent$$00000016  c_w.l(_printf_ls.o)
    0x08003230   0x00000004   Code   RO         5272    .ARM.Collect$$_printf_percent$$00000017  c_w.l(_printf_percent_end.o)
    0x08003234   0x00000002   Code   RO         5377    .ARM.Collect$$libinit$$00000000  c_w.l(libinit.o)
    0x08003236   0x00000000   Code   RO         5388    .ARM.Collect$$libinit$$00000002  c_w.l(libinit2.o)
    0x08003236   0x00000000   Code   RO         5390    .ARM.Collect$$libinit$$00000004  c_w.l(libinit2.o)
    0x08003236   0x00000000   Code   RO         5393    .ARM.Collect$$libinit$$0000000A  c_w.l(libinit2.o)
    0x08003236   0x00000000   Code   RO         5395    .ARM.Collect$$libinit$$0000000C  c_w.l(libinit2.o)
    0x08003236   0x00000000   Code   RO         5397    .ARM.Collect$$libinit$$0000000E  c_w.l(libinit2.o)
    0x08003236   0x00000006   Code   RO         5398    .ARM.Collect$$libinit$$0000000F  c_w.l(libinit2.o)
    0x0800323c   0x00000000   Code   RO         5400    .ARM.Collect$$libinit$$00000011  c_w.l(libinit2.o)
    0x0800323c   0x0000000c   Code   RO         5401    .ARM.Collect$$libinit$$00000012  c_w.l(libinit2.o)
    0x08003248   0x00000000   Code   RO         5402    .ARM.Collect$$libinit$$00000013  c_w.l(libinit2.o)
    0x08003248   0x00000000   Code   RO         5404    .ARM.Collect$$libinit$$00000015  c_w.l(libinit2.o)
    0x08003248   0x0000000a   Code   RO         5405    .ARM.Collect$$libinit$$00000016  c_w.l(libinit2.o)
    0x08003252   0x00000000   Code   RO         5406    .ARM.Collect$$libinit$$00000017  c_w.l(libinit2.o)
    0x08003252   0x00000000   Code   RO         5408    .ARM.Collect$$libinit$$00000019  c_w.l(libinit2.o)
    0x08003252   0x00000000   Code   RO         5410    .ARM.Collect$$libinit$$0000001B  c_w.l(libinit2.o)
    0x08003252   0x00000000   Code   RO         5412    .ARM.Collect$$libinit$$0000001D  c_w.l(libinit2.o)
    0x08003252   0x00000000   Code   RO         5414    .ARM.Collect$$libinit$$0000001F  c_w.l(libinit2.o)
    0x08003252   0x00000000   Code   RO         5416    .ARM.Collect$$libinit$$00000021  c_w.l(libinit2.o)
    0x08003252   0x00000000   Code   RO         5418    .ARM.Collect$$libinit$$00000023  c_w.l(libinit2.o)
    0x08003252   0x00000000   Code   RO         5420    .ARM.Collect$$libinit$$00000025  c_w.l(libinit2.o)
    0x08003252   0x00000000   Code   RO         5424    .ARM.Collect$$libinit$$0000002C  c_w.l(libinit2.o)
    0x08003252   0x00000000   Code   RO         5426    .ARM.Collect$$libinit$$0000002E  c_w.l(libinit2.o)
    0x08003252   0x00000000   Code   RO         5428    .ARM.Collect$$libinit$$00000030  c_w.l(libinit2.o)
    0x08003252   0x00000000   Code   RO         5430    .ARM.Collect$$libinit$$00000032  c_w.l(libinit2.o)
    0x08003252   0x00000002   Code   RO         5431    .ARM.Collect$$libinit$$00000033  c_w.l(libinit2.o)
    0x08003254   0x00000002   Code   RO         5449    .ARM.Collect$$libshutdown$$00000000  c_w.l(libshutdown.o)
    0x08003256   0x00000000   Code   RO         5460    .ARM.Collect$$libshutdown$$00000003  c_w.l(libshutdown2.o)
    0x08003256   0x00000000   Code   RO         5463    .ARM.Collect$$libshutdown$$00000006  c_w.l(libshutdown2.o)
    0x08003256   0x00000000   Code   RO         5466    .ARM.Collect$$libshutdown$$00000009  c_w.l(libshutdown2.o)
    0x08003256   0x00000000   Code   RO         5468    .ARM.Collect$$libshutdown$$0000000B  c_w.l(libshutdown2.o)
    0x08003256   0x00000000   Code   RO         5471    .ARM.Collect$$libshutdown$$0000000E  c_w.l(libshutdown2.o)
    0x08003256   0x00000002   Code   RO         5472    .ARM.Collect$$libshutdown$$0000000F  c_w.l(libshutdown2.o)
    0x08003258   0x00000000   Code   RO         5209    .ARM.Collect$$rtentry$$00000000  c_w.l(__rtentry.o)
    0x08003258   0x00000000   Code   RO         5294    .ARM.Collect$$rtentry$$00000002  c_w.l(__rtentry2.o)
    0x08003258   0x00000006   Code   RO         5306    .ARM.Collect$$rtentry$$00000004  c_w.l(__rtentry4.o)
    0x0800325e   0x00000000   Code   RO         5296    .ARM.Collect$$rtentry$$00000009  c_w.l(__rtentry2.o)
    0x0800325e   0x00000004   Code   RO         5297    .ARM.Collect$$rtentry$$0000000A  c_w.l(__rtentry2.o)
    0x08003262   0x00000000   Code   RO         5299    .ARM.Collect$$rtentry$$0000000C  c_w.l(__rtentry2.o)
    0x08003262   0x00000008   Code   RO         5300    .ARM.Collect$$rtentry$$0000000D  c_w.l(__rtentry2.o)
    0x0800326a   0x00000002   Code   RO         5383    .ARM.Collect$$rtexit$$00000000  c_w.l(rtexit.o)
    0x0800326c   0x00000000   Code   RO         5433    .ARM.Collect$$rtexit$$00000002  c_w.l(rtexit2.o)
    0x0800326c   0x00000004   Code   RO         5434    .ARM.Collect$$rtexit$$00000003  c_w.l(rtexit2.o)
    0x08003270   0x00000006   Code   RO         5435    .ARM.Collect$$rtexit$$00000004  c_w.l(rtexit2.o)
    0x08003276   0x00000002   PAD
    0x08003278   0x00000096   Code   RO         3773    .emb_text           port.o
    0x0800330e   0x00000002   PAD
    0x08003310   0x00000040   Code   RO         3402    .text               startup_stm32f10x_hd.o
    0x08003350   0x00000002   Code   RO         5146    .text               c_w.l(use_no_semi_2.o)
    0x08003352   0x00000002   PAD
    0x08003354   0x00000024   Code   RO         5148    .text               c_w.l(c89vsprintf.o)
    0x08003378   0x00000018   Code   RO         5150    .text               c_w.l(__2printf.o)
    0x08003390   0x00000052   Code   RO         5160    .text               c_w.l(_printf_str.o)
    0x080033e2   0x00000002   PAD
    0x080033e4   0x00000078   Code   RO         5162    .text               c_w.l(_printf_dec.o)
    0x0800345c   0x00000188   Code   RO         5181    .text               c_w.l(__printf_flags_ss_wp.o)
    0x080035e4   0x0000001a   Code   RO         5189    .text               c_w.l(atoi.o)
    0x080035fe   0x00000014   Code   RO         5191    .text               c_w.l(strchr.o)
    0x08003612   0x00000048   Code   RO         5193    .text               c_w.l(strcpy.o)
    0x0800365a   0x0000003e   Code   RO         5195    .text               c_w.l(strlen.o)
    0x08003698   0x00000096   Code   RO         5197    .text               c_w.l(strncmp.o)
    0x0800372e   0x0000008a   Code   RO         5199    .text               c_w.l(rt_memcpy_v6.o)
    0x080037b8   0x00000010   Code   RO         5201    .text               c_w.l(aeabi_memset.o)
    0x080037c8   0x00000006   Code   RO         5203    .text               c_w.l(heapauxi.o)
    0x080037ce   0x00000002   Code   RO         5207    .text               c_w.l(use_no_semi.o)
    0x080037d0   0x00000008   Code   RO         5213    .text               c_w.l(rt_errno_addr_intlibspace.o)
    0x080037d8   0x0000004e   Code   RO         5215    .text               c_w.l(_printf_pad.o)
    0x08003826   0x00000024   Code   RO         5217    .text               c_w.l(_printf_truncate.o)
    0x0800384a   0x000000b2   Code   RO         5219    .text               c_w.l(_printf_intcommon.o)
    0x080038fc   0x00000028   Code   RO         5221    .text               c_w.l(_printf_charcount.o)
    0x08003924   0x00000030   Code   RO         5223    .text               c_w.l(_printf_char_common.o)
    0x08003954   0x0000000a   Code   RO         5225    .text               c_w.l(_sputc.o)
    0x0800395e   0x0000002c   Code   RO         5227    .text               c_w.l(_printf_char.o)
    0x0800398a   0x00000002   PAD
    0x0800398c   0x00000024   Code   RO         5229    .text               c_w.l(_printf_char_file.o)
    0x080039b0   0x000000bc   Code   RO         5231    .text               c_w.l(_printf_wctomb.o)
    0x08003a6c   0x0000007c   Code   RO         5234    .text               c_w.l(_printf_longlong_dec.o)
    0x08003ae8   0x00000070   Code   RO         5240    .text               c_w.l(_printf_oct_int_ll.o)
    0x08003b58   0x00000094   Code   RO         5260    .text               c_w.l(_printf_hex_int_ll_ptr.o)
    0x08003bec   0x00000070   Code   RO         5282    .text               c_w.l(strtol.o)
    0x08003c5c   0x00000064   Code   RO         5284    .text               c_w.l(rt_memcpy_w.o)
    0x08003cc0   0x00000044   Code   RO         5286    .text               c_w.l(rt_memclr.o)
    0x08003d04   0x00000008   Code   RO         5290    .text               c_w.l(libspace.o)
    0x08003d0c   0x00000010   Code   RO         5308    .text               c_w.l(rt_ctype_table.o)
    0x08003d1c   0x0000008a   Code   RO         5310    .text               c_w.l(lludiv10.o)
    0x08003da6   0x0000041a   Code   RO         5312    .text               c_w.l(_printf_fp_dec.o)
    0x080041c0   0x0000002c   Code   RO         5316    .text               c_w.l(_printf_wchar.o)
    0x080041ec   0x0000009e   Code   RO         5318    .text               c_w.l(_strtoul.o)
    0x0800428a   0x00000008   Code   RO         5320    .text               c_w.l(ferror.o)
    0x08004292   0x00000040   Code   RO         5324    .text               c_w.l(_wcrtomb.o)
    0x080042d2   0x0000004e   Code   RO         5326    .text               c_w.l(rt_memclr_w.o)
    0x08004320   0x0000004a   Code   RO         5328    .text               c_w.l(sys_stackheap_outer.o)
    0x0800436a   0x00000002   PAD
    0x0800436c   0x00000008   Code   RO         5333    .text               c_w.l(rt_locale_intlibspace.o)
    0x08004374   0x00000080   Code   RO         5335    .text               c_w.l(_printf_fp_infnan.o)
    0x080043f4   0x0000001c   Code   RO         5337    .text               c_w.l(_chval.o)
    0x08004410   0x000000dc   Code   RO         5339    .text               c_w.l(bigflt0.o)
    0x080044ec   0x0000000c   Code   RO         5370    .text               c_w.l(exit.o)
    0x080044f8   0x00000080   Code   RO         5385    .text               c_w.l(strcmpv7m.o)
    0x08004578   0x0000003e   Code   RO         5342    CL$$btod_d2e        c_w.l(btod.o)
    0x080045b6   0x00000046   Code   RO         5344    CL$$btod_d2e_denorm_low  c_w.l(btod.o)
    0x080045fc   0x00000060   Code   RO         5343    CL$$btod_d2e_norm_op1  c_w.l(btod.o)
    0x0800465c   0x00000338   Code   RO         5352    CL$$btod_div_common  c_w.l(btod.o)
    0x08004994   0x000000c6   Code   RO         5349    CL$$btod_e2e        c_w.l(btod.o)
    0x08004a5a   0x00000028   Code   RO         5346    CL$$btod_ediv       c_w.l(btod.o)
    0x08004a82   0x00000028   Code   RO         5345    CL$$btod_emul       c_w.l(btod.o)
    0x08004aaa   0x00000244   Code   RO         5351    CL$$btod_mult_common  c_w.l(btod.o)
    0x08004cee   0x00000004   Code   RO          197    i.BusFault_Handler  stm32f10x_it.o
    0x08004cf2   0x00000002   Code   RO          198    i.DebugMon_Handler  stm32f10x_it.o
    0x08004cf4   0x00000010   Code   RO         4776    i.EXTI1_IRQHandler  exti.o
    0x08004d04   0x00000010   Code   RO         4777    i.EXTI4_IRQHandler  exti.o
    0x08004d14   0x0000000c   Code   RO         1120    i.EXTI_ClearITPendingBit  stm32f10x_exti.o
    0x08004d20   0x00000028   Code   RO         1124    i.EXTI_GetITStatus  stm32f10x_exti.o
    0x08004d48   0x00000094   Code   RO         1125    i.EXTI_Init         stm32f10x_exti.o
    0x08004ddc   0x00000034   Code   RO         1187    i.FLASH_GetBank1Status  stm32f10x_flash.o
    0x08004e10   0x00000040   Code   RO         1199    i.FLASH_ProgramHalfWord  stm32f10x_flash.o
    0x08004e50   0x00000018   Code   RO         1204    i.FLASH_Unlock      stm32f10x_flash.o
    0x08004e68   0x00000026   Code   RO         1208    i.FLASH_WaitForLastOperation  stm32f10x_flash.o
    0x08004e8e   0x00000002   PAD
    0x08004e90   0x00000040   Code   RO         1494    i.GPIO_EXTILineConfig  stm32f10x_gpio.o
    0x08004ed0   0x00000116   Code   RO         1497    i.GPIO_Init         stm32f10x_gpio.o
    0x08004fe6   0x00000004   Code   RO         1505    i.GPIO_SetBits      stm32f10x_gpio.o
    0x08004fea   0x00000004   Code   RO          199    i.HardFault_Handler  stm32f10x_it.o
    0x08004fee   0x00000004   Code   RO          200    i.MemManage_Handler  stm32f10x_it.o
    0x08004ff2   0x00000002   Code   RO          201    i.NMI_Handler       stm32f10x_it.o
    0x08004ff4   0x00000070   Code   RO          250    i.NVIC_Init         misc.o
    0x08005064   0x00000014   Code   RO          251    i.NVIC_PriorityGroupConfig  misc.o
    0x08005078   0x00000014   Code   RO          252    i.NVIC_SetVectorTable  misc.o
    0x0800508c   0x00000028   Code   RO         5008    i.NVIC_SystemReset  command.o
    0x080050b4   0x00000020   Code   RO         1946    i.RCC_APB1PeriphResetCmd  stm32f10x_rcc.o
    0x080050d4   0x00000020   Code   RO         1947    i.RCC_APB2PeriphClockCmd  stm32f10x_rcc.o
    0x080050f4   0x00000020   Code   RO         1948    i.RCC_APB2PeriphResetCmd  stm32f10x_rcc.o
    0x08005114   0x000000d4   Code   RO         1955    i.RCC_GetClocksFreq  stm32f10x_rcc.o
    0x080051e8   0x00000008   Code   RO         3408    i.SetSysClock       system_stm32f10x.o
    0x080051f0   0x000000e0   Code   RO         3409    i.SetSysClockTo72   system_stm32f10x.o
    0x080052d0   0x00000028   Code   RO          254    i.SysTick_CLKSourceConfig  misc.o
    0x080052f8   0x00000010   Code   RO         3460    i.SysTick_Handler   delay.o
    0x08005308   0x00000060   Code   RO         3411    i.SystemInit        system_stm32f10x.o
    0x08005368   0x00000084   Code   RO         3552    i.UART4_IRQHandler  usart.o
    0x080053ec   0x000000d0   Code   RO         3553    i.USART1_IRQHandler  usart.o
    0x080054bc   0x00000084   Code   RO         3554    i.USART2_IRQHandler  usart.o
    0x08005540   0x00000094   Code   RO         3555    i.USART3_IRQHandler  usart.o
    0x080055d4   0x0000001e   Code   RO         3152    i.USART_ClearITPendingBit  stm32f10x_usart.o
    0x080055f2   0x00000018   Code   RO         3155    i.USART_Cmd         stm32f10x_usart.o
    0x0800560a   0x00000002   PAD
    0x0800560c   0x0000009c   Code   RO         3157    i.USART_DeInit      stm32f10x_usart.o
    0x080056a8   0x0000001a   Code   RO         3158    i.USART_GetFlagStatus  stm32f10x_usart.o
    0x080056c2   0x00000054   Code   RO         3159    i.USART_GetITStatus  stm32f10x_usart.o
    0x08005716   0x0000004a   Code   RO         3161    i.USART_ITConfig    stm32f10x_usart.o
    0x08005760   0x000000d8   Code   RO         3162    i.USART_Init        stm32f10x_usart.o
    0x08005838   0x0000000a   Code   RO         3169    i.USART_ReceiveData  stm32f10x_usart.o
    0x08005842   0x00000008   Code   RO         3172    i.USART_SendData    stm32f10x_usart.o
    0x0800584a   0x00000004   Code   RO          202    i.UsageFault_Handler  stm32f10x_it.o
    0x0800584e   0x00000028   Code   RO         5381    i.__ARM_fpclassify  m_ws.l(fpclassify.o)
    0x08005876   0x0000000e   Code   RO         5174    i._is_digit         c_w.l(__printf_wp.o)
    0x08005884   0x00000006   Code   RO         3556    i._sys_exit         usart.o
    0x0800588a   0x0000000c   Code   RO         5009    i.command_init      command.o
    0x08005896   0x00000002   PAD
    0x08005898   0x0000005c   Code   RO         3461    i.delay_configuration  delay.o
    0x080058f4   0x00000040   Code   RO         3462    i.delay_ms          delay.o
    0x08005934   0x00000048   Code   RO         3463    i.delay_us          delay.o
    0x0800597c   0x0000005c   Code   RO         5010    i.do_help           command.o
    0x080059d8   0x00000020   Code   RO         5011    i.do_idn            command.o
    0x080059f8   0x00000074   Code   RO         5012    i.do_key            command.o
    0x08005a6c   0x00000020   Code   RO         5013    i.do_reboot         command.o
    0x08005a8c   0x00000018   Code   RO         5014    i.do_upgrade        command.o
    0x08005aa4   0x00000030   Code   RO         5015    i.do_ver            command.o
    0x08005ad4   0x0000004c   Code   RO         4778    i.exti_configuration  exti.o
    0x08005b20   0x00000068   Code   RO         5016    i.find_cmd          command.o
    0x08005b88   0x00000024   Code   RO         3557    i.fputc             usart.o
    0x08005bac   0x00000024   Code   RO         4808    i.key1_long_press   key.o
    0x08005bd0   0x00000024   Code   RO         4810    i.key1_short_press  key.o
    0x08005bf4   0x00000024   Code   RO         4811    i.key2_long_press   key.o
    0x08005c18   0x0000004c   Code   RO         4812    i.key2_scan         key.o
    0x08005c64   0x00000024   Code   RO         4813    i.key2_short_press  key.o
    0x08005c88   0x00000024   Code   RO         4814    i.key3_long_press   key.o
    0x08005cac   0x0000004c   Code   RO         4815    i.key3_scan         key.o
    0x08005cf8   0x00000024   Code   RO         4816    i.key3_short_press  key.o
    0x08005d1c   0x00000024   Code   RO         4817    i.key4_long_press   key.o
    0x08005d40   0x0000004c   Code   RO         4818    i.key4_scan         key.o
    0x08005d8c   0x00000024   Code   RO         4819    i.key4_short_press  key.o
    0x08005db0   0x00000024   Code   RO         4820    i.key5_long_press   key.o
    0x08005dd4   0x0000004c   Code   RO         4821    i.key5_scan         key.o
    0x08005e20   0x00000024   Code   RO         4822    i.key5_short_press  key.o
    0x08005e44   0x00000024   Code   RO         4823    i.key6_long_press   key.o
    0x08005e68   0x0000004c   Code   RO         4824    i.key6_scan         key.o
    0x08005eb4   0x00000024   Code   RO         4825    i.key6_short_press  key.o
    0x08005ed8   0x00000092   Code   RO         4826    i.key_command_test  key.o
    0x08005f6a   0x00000002   PAD
    0x08005f6c   0x00000078   Code   RO         4827    i.key_configuration  key.o
    0x08005fe4   0x00000018   Code   RO         4828    i.key_scan          key.o
    0x08005ffc   0x00000024   Code   RO         5102    i.key_task          app.o
    0x08006020   0x0000006c   Code   RO         4962    i.led_configuration  led.o
    0x0800608c   0x00000098   Code   RO            3    i.main              main.o
    0x08006124   0x00000088   Code   RO         5017    i.parse_line        command.o
    0x080061ac   0x00000098   Code   RO         4270    i.prvAddCurrentTaskToDelayedList  tasks.o
    0x08006244   0x000000b8   Code   RO         4271    i.prvAddNewTaskToReadyList  tasks.o
    0x080062fc   0x00000064   Code   RO         4638    i.prvCheckForValidListAndQueue  timers.o
    0x08006360   0x00000064   Code   RO         4272    i.prvCheckTasksWaitingTermination  tasks.o
    0x080063c4   0x0000002a   Code   RO         4029    i.prvCopyDataFromQueue  queue.o
    0x080063ee   0x0000007c   Code   RO         4030    i.prvCopyDataToQueue  queue.o
    0x0800646a   0x00000012   Code   RO         4273    i.prvDeleteTCB      tasks.o
    0x0800647c   0x00000028   Code   RO         4639    i.prvGetNextExpireTime  timers.o
    0x080064a4   0x0000007c   Code   RO         3712    i.prvHeapInit       heap_4.o
    0x08006520   0x00000028   Code   RO         4274    i.prvIdleTask       tasks.o
    0x08006548   0x0000002e   Code   RO         4032    i.prvInitialiseNewQueue  queue.o
    0x08006576   0x00000002   PAD
    0x08006578   0x000000d0   Code   RO         4275    i.prvInitialiseNewTask  tasks.o
    0x08006648   0x00000068   Code   RO         4276    i.prvInitialiseTaskLists  tasks.o
    0x080066b0   0x00000068   Code   RO         3713    i.prvInsertBlockIntoFreeList  heap_4.o
    0x08006718   0x00000058   Code   RO         4641    i.prvInsertTimerInActiveList  timers.o
    0x08006770   0x0000001a   Code   RO         4033    i.prvIsQueueEmpty   queue.o
    0x0800678a   0x0000001e   Code   RO         4034    i.prvIsQueueFull    queue.o
    0x080067a8   0x000000a0   Code   RO         4035    i.prvNotifyQueueSetContainer  queue.o
    0x08006848   0x00000080   Code   RO         4642    i.prvProcessExpiredTimer  timers.o
    0x080068c8   0x0000012c   Code   RO         4643    i.prvProcessReceivedCommands  timers.o
    0x080069f4   0x00000074   Code   RO         4644    i.prvProcessTimerOrBlockTask  timers.o
    0x08006a68   0x00000034   Code   RO         4278    i.prvResetNextTaskUnblockTime  tasks.o
    0x08006a9c   0x0000002c   Code   RO         4645    i.prvSampleTimeNow  timers.o
    0x08006ac8   0x000000bc   Code   RO         4646    i.prvSwitchTimerLists  timers.o
    0x08006b84   0x00000070   Code   RO         3774    i.prvTaskExitError  port.o
    0x08006bf4   0x00000074   Code   RO         4280    i.prvTaskIsTaskSuspended  tasks.o
    0x08006c68   0x0000001a   Code   RO         4647    i.prvTimerTask      timers.o
    0x08006c82   0x00000092   Code   RO         4036    i.prvUnlockQueue    queue.o
    0x08006d14   0x00000154   Code   RO         3714    i.pvPortMalloc      heap_4.o
    0x08006e68   0x00000020   Code   RO         4282    i.pvTaskIncrementMutexHeldCount  tasks.o
    0x08006e88   0x00000024   Code   RO         3775    i.pxPortInitialiseStack  port.o
    0x08006eac   0x0000014c   Code   RO         5018    i.run_command       command.o
    0x08006ff8   0x00000098   Code   RO         5103    i.start_task        app.o
    0x08007090   0x00000034   Code   RO         5019    i.sys_cmd_exe       command.o
    0x080070c4   0x00000020   Code   RO         5104    i.task1_task        app.o
    0x080070e4   0x0000000e   Code   RO         5105    i.uart1_analysis_task  app.o
    0x080070f2   0x00000028   Code   RO         3558    i.uart1_printf      usart.o
    0x0800711a   0x00000002   PAD
    0x0800711c   0x0000002c   Code   RO         3560    i.uart1_sendstring  usart.o
    0x08007148   0x000000b4   Code   RO         3570    i.usart1_configuration  usart.o
    0x080071fc   0x00000028   Code   RO         3984    i.uxListRemove      list.o
    0x08007224   0x0000001a   Code   RO         3985    i.vListInitialise   list.o
    0x0800723e   0x00000006   Code   RO         3986    i.vListInitialiseItem  list.o
    0x08007244   0x00000034   Code   RO         3987    i.vListInsert       list.o
    0x08007278   0x00000018   Code   RO         3988    i.vListInsertEnd    list.o
    0x08007290   0x00000088   Code   RO         3777    i.vPortEnterCritical  port.o
    0x08007318   0x00000070   Code   RO         3778    i.vPortExitCritical  port.o
    0x08007388   0x000000b8   Code   RO         3715    i.vPortFree         heap_4.o
    0x08007440   0x00000020   Code   RO         3779    i.vPortSetupTimerInterrupt  port.o
    0x08007460   0x000000a0   Code   RO         3780    i.vPortValidateInterruptPriority  port.o
    0x08007500   0x0000002c   Code   RO         4042    i.vQueueAddToRegistry  queue.o
    0x0800752c   0x0000004a   Code   RO         4046    i.vQueueWaitForMessageRestricted  queue.o
    0x08007576   0x00000002   PAD
    0x08007578   0x00000074   Code   RO         4290    i.vTaskDelay        tasks.o
    0x080075ec   0x0000010c   Code   RO         4292    i.vTaskDelete       tasks.o
    0x080076f8   0x0000000c   Code   RO         4296    i.vTaskMissedYield  tasks.o
    0x08007704   0x00000054   Code   RO         4298    i.vTaskPlaceOnEventList  tasks.o
    0x08007758   0x0000005c   Code   RO         4299    i.vTaskPlaceOnEventListRestricted  tasks.o
    0x080077b4   0x000000b0   Code   RO         4301    i.vTaskPriorityInherit  tasks.o
    0x08007864   0x0000004c   Code   RO         4305    i.vTaskSetTimeOutState  tasks.o
    0x080078b0   0x000000ac   Code   RO         4306    i.vTaskStartScheduler  tasks.o
    0x0800795c   0x00000100   Code   RO         4307    i.vTaskSuspend      tasks.o
    0x08007a5c   0x00000010   Code   RO         4308    i.vTaskSuspendAll   tasks.o
    0x08007a6c   0x000000a8   Code   RO         4309    i.vTaskSwitchContext  tasks.o
    0x08007b14   0x000000a0   Code   RO         3781    i.xPortStartScheduler  port.o
    0x08007bb4   0x00000034   Code   RO         3782    i.xPortSysTickHandler  port.o
    0x08007be8   0x00000074   Code   RO         4051    i.xQueueGenericCreate  queue.o
    0x08007c5c   0x000001c8   Code   RO         4052    i.xQueueGenericReceive  queue.o
    0x08007e24   0x000000b0   Code   RO         4053    i.xQueueGenericReset  queue.o
    0x08007ed4   0x000001c4   Code   RO         4054    i.xQueueGenericSend  queue.o
    0x08008098   0x00000110   Code   RO         4055    i.xQueueGenericSendFromISR  queue.o
    0x080081a8   0x000000a0   Code   RO         4310    i.xTaskCheckForTimeOut  tasks.o
    0x08008248   0x00000060   Code   RO         4311    i.xTaskCreate       tasks.o
    0x080082a8   0x00000020   Code   RO         4315    i.xTaskGetSchedulerState  tasks.o
    0x080082c8   0x0000000c   Code   RO         4316    i.xTaskGetTickCount  tasks.o
    0x080082d4   0x00000160   Code   RO         4318    i.xTaskIncrementTick  tasks.o
    0x08008434   0x000000d8   Code   RO         4321    i.xTaskPriorityDisinherit  tasks.o
    0x0800850c   0x000000b4   Code   RO         4322    i.xTaskRemoveFromEventList  tasks.o
    0x080085c0   0x00000120   Code   RO         4324    i.xTaskResumeAll    tasks.o
    0x080086e0   0x000000cc   Code   RO         4325    i.xTaskResumeFromISR  tasks.o
    0x080087ac   0x00000074   Code   RO         4651    i.xTimerCreateTimerTask  timers.o
    0x08008820   0x000000a4   Code   RO         4652    i.xTimerGenericCommand  timers.o
    0x080088c4   0x0000002c   Code   RO         5365    locale$$code        c_w.l(lc_ctype_c.o)
    0x080088f0   0x0000002c   Code   RO         5368    locale$$code        c_w.l(lc_numeric_c.o)
    0x0800891c   0x00000004   Code   RO         5288    x$fpl$printf1       fz_ws.l(printf1.o)
    0x08008920   0x00000000   Code   RO         5380    x$fpl$usenofp       fz_ws.l(usenofp.o)
    0x08008920   0x00000038   Data   RO         5020    .constdata          command.o
    0x08008958   0x00000011   Data   RO         5182    .constdata          c_w.l(__printf_flags_ss_wp.o)
    0x08008969   0x00000003   PAD
    0x0800896c   0x00000008   Data   RO         5232    .constdata          c_w.l(_printf_wctomb.o)
    0x08008974   0x00000028   Data   RO         5261    .constdata          c_w.l(_printf_hex_int_ll_ptr.o)
    0x0800899c   0x00000094   Data   RO         5340    .constdata          c_w.l(bigflt0.o)
    0x08008a30   0x000000e9   Data   RO         5021    .conststring        command.o
    0x08008b19   0x00000003   PAD
    0x08008b1c   0x00000020   Data   RO         5504    Region$$Table       anon$$obj.o
    0x08008b3c   0x00000110   Data   RO         5364    locale$$data        c_w.l(lc_ctype_c.o)
    0x08008c4c   0x0000001c   Data   RO         5367    locale$$data        c_w.l(lc_numeric_c.o)


    Execution Region RW_IRAM1 (Base: 0x20000000, Size: 0x00005ed8, Max: 0x00010000, ABSOLUTE)

    Base Addr    Size         Type   Attr      Idx    E Section Name        Object

    0x20000000   0x00000014   Data   RW         1975    .data               stm32f10x_rcc.o
    0x20000014   0x00000014   Data   RW         3412    .data               system_stm32f10x.o
    0x20000028   0x00000004   Data   RW         3465    .data               delay.o
    0x2000002c   0x00000015   Data   RW         3575    .data               usart.o
    0x20000041   0x00000003   PAD
    0x20000044   0x00000018   Data   RW         3720    .data               heap_4.o
    0x2000005c   0x0000000c   Data   RW         3783    .data               port.o
    0x20000068   0x0000003c   Data   RW         4327    .data               tasks.o
    0x200000a4   0x00000014   Data   RW         4660    .data               timers.o
    0x200000b8   0x00000060   Data   RW         5022    .data               command.o
    0x20000118   0x00000010   Data   RW         5106    .data               app.o
    0x20000128   0x00000400   Zero   RW         3574    .bss                usart.o
    0x20000528   0x00005000   Zero   RW         3719    .bss                heap_4.o
    0x20005528   0x00000040   Zero   RW         4066    .bss                queue.o
    0x20005568   0x000002e4   Zero   RW         4326    .bss                tasks.o
    0x2000584c   0x00000028   Zero   RW         4659    .bss                timers.o
    0x20005874   0x00000060   Zero   RW         5291    .bss                c_w.l(libspace.o)
    0x200058d4   0x00000004   PAD
    0x200058d8   0x00000200   Zero   RW         3400    HEAP                startup_stm32f10x_hd.o
    0x20005ad8   0x00000400   Zero   RW         3399    STACK               startup_stm32f10x_hd.o


==============================================================================

Image component sizes


      Code (inc. data)   RO Data    RW Data    ZI Data      Debug   Object Name

       234         88          0         16          0       2284   app.o
      1020        266        289         96          0      30312   command.o
       244         26          0          4          0       2234   delay.o
         0          0          0          0          0      10292   event_groups.o
       108          0          0          0          0       1443   exti.o
       752        176          0         24      20480       3735   heap_4.o
      1102        366          0          0          0       9636   key.o
       108         12          0          0          0        516   led.o
       148          0          0          0          0       2934   list.o
       152         60          0          0          0     253903   main.o
       192         30          0          0          0       2755   misc.o
       950        320          0         12          0      10001   port.o
      2164        238          0          0         64      14765   queue.o
        64         26        304          0       1536        900   startup_stm32f10x_hd.o
       200         18          0          0          0       2236   stm32f10x_exti.o
       178         20          0          0          0       2423   stm32f10x_flash.o
       346          4          0          0          0       3237   stm32f10x_gpio.o
        20          0          0          0          0       2513   stm32f10x_it.o
       308         38          0         20          0       5167   stm32f10x_rcc.o
       628         28          0          0          0       7662   stm32f10x_usart.o
       328         28          0         20          0       2133   system_stm32f10x.o
      3982       1048          0         60        740      29975   tasks.o
      1310        312          0         20         40       8111   timers.o
       926         82          0         21       1024       7762   usart.o

    ----------------------------------------------------------------------
     15480       3186        628        296      23884     416929   Object Totals
         0          0         32          0          0          0   (incl. Generated)
        16          0          3          3          0          0   (incl. Padding)

    ----------------------------------------------------------------------

      Code (inc. data)   RO Data    RW Data    ZI Data      Debug   Library Member Name

        24          4          0          0          0         84   __2printf.o
         8          0          0          0          0         68   __main.o
       392          4         17          0          0         92   __printf_flags_ss_wp.o
        14          0          0          0          0         68   __printf_wp.o
         0          0          0          0          0          0   __rtentry.o
        12          0          0          0          0          0   __rtentry2.o
         6          0          0          0          0          0   __rtentry4.o
        52          8          0          0          0          0   __scatter.o
        26          0          0          0          0          0   __scatter_copy.o
        28          0          0          0          0          0   __scatter_zi.o
        28          0          0          0          0         68   _chval.o
         6          0          0          0          0          0   _printf_a.o
         6          0          0          0          0          0   _printf_c.o
        44          0          0          0          0        108   _printf_char.o
        48          6          0          0          0         96   _printf_char_common.o
        36          4          0          0          0         80   _printf_char_file.o
        40          0          0          0          0         68   _printf_charcount.o
         6          0          0          0          0          0   _printf_d.o
       120         16          0          0          0         92   _printf_dec.o
         6          0          0          0          0          0   _printf_e.o
         6          0          0          0          0          0   _printf_f.o
      1050          0          0          0          0        216   _printf_fp_dec.o
       128         16          0          0          0         84   _printf_fp_infnan.o
         6          0          0          0          0          0   _printf_g.o
       148          4         40          0          0        160   _printf_hex_int_ll_ptr.o
         6          0          0          0          0          0   _printf_i.o
       178          0          0          0          0         88   _printf_intcommon.o
        10          0          0          0          0          0   _printf_l.o
         6          0          0          0          0          0   _printf_lc.o
        10          0          0          0          0          0   _printf_ll.o
         6          0          0          0          0          0   _printf_lld.o
         6          0          0          0          0          0   _printf_lli.o
         6          0          0          0          0          0   _printf_llo.o
         6          0          0          0          0          0   _printf_llu.o
         6          0          0          0          0          0   _printf_llx.o
       124         16          0          0          0         92   _printf_longlong_dec.o
         6          0          0          0          0          0   _printf_ls.o
         6          0          0          0          0          0   _printf_n.o
         6          0          0          0          0          0   _printf_o.o
       112          8          0          0          0        124   _printf_oct_int_ll.o
         6          0          0          0          0          0   _printf_p.o
        78          0          0          0          0        108   _printf_pad.o
         0          0          0          0          0          0   _printf_percent.o
         4          0          0          0          0          0   _printf_percent_end.o
         6          0          0          0          0          0   _printf_s.o
        82          0          0          0          0         80   _printf_str.o
        36          0          0          0          0         84   _printf_truncate.o
         6          0          0          0          0          0   _printf_u.o
        44          0          0          0          0        108   _printf_wchar.o
       188          6          8          0          0         92   _printf_wctomb.o
         6          0          0          0          0          0   _printf_x.o
        10          0          0          0          0         68   _sputc.o
       158          0          0          0          0         92   _strtoul.o
        64          0          0          0          0         92   _wcrtomb.o
        16          0          0          0          0         68   aeabi_memset.o
        26          0          0          0          0         80   atoi.o
       220          4        148          0          0         96   bigflt0.o
      1910        128          0          0          0        672   btod.o
        36          4          0          0          0         76   c89vsprintf.o
        12          0          0          0          0         72   exit.o
         8          0          0          0          0         68   ferror.o
         6          0          0          0          0        152   heapauxi.o
        44         10        272          0          0         76   lc_ctype_c.o
        44         10         28          0          0         76   lc_numeric_c.o
         2          0          0          0          0          0   libinit.o
        30          0          0          0          0          0   libinit2.o
         2          0          0          0          0          0   libshutdown.o
         2          0          0          0          0          0   libshutdown2.o
         8          4          0          0         96         68   libspace.o
       138          0          0          0          0         80   lludiv10.o
        16          4          0          0          0         76   rt_ctype_table.o
         8          4          0          0          0         68   rt_errno_addr_intlibspace.o
         8          4          0          0          0         68   rt_locale_intlibspace.o
        68          0          0          0          0         68   rt_memclr.o
        78          0          0          0          0         80   rt_memclr_w.o
       138          0          0          0          0         68   rt_memcpy_v6.o
       100          0          0          0          0         80   rt_memcpy_w.o
         2          0          0          0          0          0   rtexit.o
        10          0          0          0          0          0   rtexit2.o
        20          0          0          0          0         68   strchr.o
       128          0          0          0          0         68   strcmpv7m.o
        72          0          0          0          0         80   strcpy.o
        62          0          0          0          0         76   strlen.o
       150          0          0          0          0         80   strncmp.o
       112          0          0          0          0         88   strtol.o
        74          0          0          0          0         80   sys_stackheap_outer.o
         2          0          0          0          0         68   use_no_semi.o
         2          0          0          0          0         68   use_no_semi_2.o
         4          0          0          0          0         68   printf1.o
         0          0          0          0          0          0   usenofp.o
        40          0          0          0          0         68   fpclassify.o

    ----------------------------------------------------------------------
      7032        264        516          0        100       5216   Library Totals
        12          0          3          0          4          0   (incl. Padding)

    ----------------------------------------------------------------------

      Code (inc. data)   RO Data    RW Data    ZI Data      Debug   Library Name

      6976        264        513          0         96       5080   c_w.l
         4          0          0          0          0         68   fz_ws.l
        40          0          0          0          0         68   m_ws.l

    ----------------------------------------------------------------------
      7032        264        516          0        100       5216   Library Totals

    ----------------------------------------------------------------------

==============================================================================


      Code (inc. data)   RO Data    RW Data    ZI Data      Debug   

     22512       3450       1144        296      23984     410857   Grand Totals
     22512       3450       1144        296      23984     410857   ELF Image Totals
     22512       3450       1144        296          0          0   ROM Totals

==============================================================================

    Total RO  Size (Code + RO Data)                23656 (  23.10kB)
    Total RW  Size (RW Data + ZI Data)             24280 (  23.71kB)
    Total ROM Size (Code + RO Data + RW Data)      23952 (  23.39kB)

==============================================================================

